   1               		.file	"gpio.c"
   2               	__SREG__ = 0x3f
   3               	__SP_H__ = 0x3e
   4               	__SP_L__ = 0x3d
   5               	__CCP__  = 0x34
   6               	__tmp_reg__ = 0
   7               	__zero_reg__ = 1
   8               		.global __do_copy_data
   9               		.global __do_clear_bss
  17               	.Ltext0:
  18               	.global	gpio_init
  20               	gpio_init:
  21               	.LFB2:
  22               	.LM1:
  23               	/* prologue: function */
  24               	/* frame size = 0 */
  25               	.LM2:
  26 0000 85B3      		in r24,53-32
  27 0002 8360      		ori r24,lo8(3)
  28 0004 85BB      		out 53-32,r24
  29               	.LM3:
  30 0006 84B3      		in r24,52-32
  31 0008 8360      		ori r24,lo8(3)
  32 000a 84BB      		out 52-32,r24
  33               	/* epilogue start */
  34               	.LM4:
  35 000c 0895      		ret
  36               	.LFE2:
  38               	.global	gpio_set_led
  40               	gpio_set_led:
  41               	.LFB3:
  42               	.LM5:
  43               	.LVL0:
  44               	/* prologue: function */
  45               	/* frame size = 0 */
  46               	.LM6:
  47 000e 95B3      		in r25,53-32
  48 0010 8095      		com r24
  49               	.LVL1:
  50 0012 9823      		and r25,r24
  51 0014 95BB      		out 53-32,r25
  52               	/* epilogue start */
  53               	.LM7:
  54 0016 0895      		ret
  55               	.LFE3:
  57               	.global	gpio_clear_led
  59               	gpio_clear_led:
  60               	.LFB4:
  61               	.LM8:
  62               	.LVL2:
  63               	/* prologue: function */
  64               	/* frame size = 0 */
  65               	.LM9:
  66 0018 95B3      		in r25,53-32
  67 001a 982B      		or r25,r24
  68 001c 95BB      		out 53-32,r25
  69               	/* epilogue start */
  70               	.LM10:
  71 001e 0895      		ret
  72               	.LFE4:
  74               	.global	gpio_toggle_led
  76               	gpio_toggle_led:
  77               	.LFB5:
  78               	.LM11:
  79               	.LVL3:
  80               	/* prologue: function */
  81               	/* frame size = 0 */
  82               	.LM12:
  83 0020 95B3      		in r25,53-32
  84 0022 9827      		eor r25,r24
  85 0024 95BB      		out 53-32,r25
  86               	/* epilogue start */
  87               	.LM13:
  88 0026 0895      		ret
  89               	.LFE5:
 139               	.Letext0:
DEFINED SYMBOLS
                            *ABS*:00000000 gpio.c
     /tmp/ccB2ZgTu.s:2      *ABS*:0000003f __SREG__
     /tmp/ccB2ZgTu.s:3      *ABS*:0000003e __SP_H__
     /tmp/ccB2ZgTu.s:4      *ABS*:0000003d __SP_L__
     /tmp/ccB2ZgTu.s:5      *ABS*:00000034 __CCP__
     /tmp/ccB2ZgTu.s:6      *ABS*:00000000 __tmp_reg__
     /tmp/ccB2ZgTu.s:7      *ABS*:00000001 __zero_reg__
     /tmp/ccB2ZgTu.s:20     .text:00000000 gpio_init
     /tmp/ccB2ZgTu.s:40     .text:0000000e gpio_set_led
     /tmp/ccB2ZgTu.s:59     .text:00000018 gpio_clear_led
     /tmp/ccB2ZgTu.s:76     .text:00000020 gpio_toggle_led

UNDEFINED SYMBOLS
__do_copy_data
__do_clear_bss
