Archive member included because of file (symbol)

/usr/lib/gcc/avr/4.3.4/avr5/libgcc.a(_exit.o)
                              /usr/lib/gcc/avr/4.3.4/../../../avr/lib/avr5/crtm168.o (exit)
/usr/lib/gcc/avr/4.3.4/avr5/libgcc.a(_copy_data.o)
                              main.o (__do_copy_data)
/usr/lib/gcc/avr/4.3.4/avr5/libgcc.a(_clear_bss.o)
                              main.o (__do_clear_bss)

Allocating common symbols
Common symbol       size              file

gMilliSecTick       0x2               main.o

Memory Configuration

Name             Origin             Length             Attributes
text             0x00000000         0x00020000         xr
data             0x00800060         0x0000ffa0         rw !x
eeprom           0x00810000         0x00010000         rw !x
fuse             0x00820000         0x00000400         rw !x
lock             0x00830000         0x00000400         rw !x
signature        0x00840000         0x00000400         rw !x
*default*        0x00000000         0xffffffff

Linker script and memory map

Address of section .data set to 0x800100
LOAD /usr/lib/gcc/avr/4.3.4/../../../avr/lib/avr5/crtm168.o
LOAD main.o
LOAD can.o
LOAD spi.o
LOAD mcp2515.o
LOAD timebase.o
LOAD delay.o
LOAD /usr/lib/gcc/avr/4.3.4/../../../avr/lib/avr5/libm.a
LOAD /usr/lib/gcc/avr/4.3.4/avr5/libgcc.a
LOAD /usr/lib/gcc/avr/4.3.4/../../../avr/lib/avr5/libc.a
LOAD /usr/lib/gcc/avr/4.3.4/avr5/libgcc.a

.hash
 *(.hash)

.dynsym
 *(.dynsym)

.dynstr
 *(.dynstr)

.gnu.version
 *(.gnu.version)

.gnu.version_d
 *(.gnu.version_d)

.gnu.version_r
 *(.gnu.version_r)

.rel.init
 *(.rel.init)

.rela.init
 *(.rela.init)

.rel.text
 *(.rel.text)
 *(.rel.text.*)
 *(.rel.gnu.linkonce.t*)

.rela.text
 *(.rela.text)
 *(.rela.text.*)
 *(.rela.gnu.linkonce.t*)

.rel.fini
 *(.rel.fini)

.rela.fini
 *(.rela.fini)

.rel.rodata
 *(.rel.rodata)
 *(.rel.rodata.*)
 *(.rel.gnu.linkonce.r*)

.rela.rodata
 *(.rela.rodata)
 *(.rela.rodata.*)
 *(.rela.gnu.linkonce.r*)

.rel.data
 *(.rel.data)
 *(.rel.data.*)
 *(.rel.gnu.linkonce.d*)

.rela.data
 *(.rela.data)
 *(.rela.data.*)
 *(.rela.gnu.linkonce.d*)

.rel.ctors
 *(.rel.ctors)

.rela.ctors
 *(.rela.ctors)

.rel.dtors
 *(.rel.dtors)

.rela.dtors
 *(.rela.dtors)

.rel.got
 *(.rel.got)

.rela.got
 *(.rela.got)

.rel.bss
 *(.rel.bss)

.rela.bss
 *(.rela.bss)

.rel.plt
 *(.rel.plt)

.rela.plt
 *(.rela.plt)

.text           0x00000000      0x8e0
 *(.vectors)
 .vectors       0x00000000       0x68 /usr/lib/gcc/avr/4.3.4/../../../avr/lib/avr5/crtm168.o
                0x00000000                __vectors
                0x00000000                __vector_default
 *(.vectors)
 *(.progmem.gcc*)
 *(.progmem*)
                0x00000068                . = ALIGN (0x2)
                0x00000068                __trampolines_start = .
 *(.trampolines)
 .trampolines   0x00000068        0x0 linker stubs
 *(.trampolines*)
                0x00000068                __trampolines_end = .
 *(.jumptables)
 *(.jumptables*)
 *(.lowtext)
 *(.lowtext*)
                0x00000068                __ctors_start = .
 *(.ctors)
                0x00000068                __ctors_end = .
                0x00000068                __dtors_start = .
 *(.dtors)
                0x00000068                __dtors_end = .
 SORT(*)(.ctors)
 SORT(*)(.dtors)
 *(.init0)
 .init0         0x00000068        0x0 /usr/lib/gcc/avr/4.3.4/../../../avr/lib/avr5/crtm168.o
                0x00000068                __init
 *(.init0)
 *(.init1)
 *(.init1)
 *(.init2)
 .init2         0x00000068        0xc /usr/lib/gcc/avr/4.3.4/../../../avr/lib/avr5/crtm168.o
 *(.init2)
 *(.init3)
 *(.init3)
 *(.init4)
 .init4         0x00000074       0x16 /usr/lib/gcc/avr/4.3.4/avr5/libgcc.a(_copy_data.o)
                0x00000074                __do_copy_data
 .init4         0x0000008a       0x10 /usr/lib/gcc/avr/4.3.4/avr5/libgcc.a(_clear_bss.o)
                0x0000008a                __do_clear_bss
 *(.init4)
 *(.init5)
 *(.init5)
 *(.init6)
 *(.init6)
 *(.init7)
 *(.init7)
 *(.init8)
 *(.init8)
 *(.init9)
 .init9         0x0000009a        0x8 /usr/lib/gcc/avr/4.3.4/../../../avr/lib/avr5/crtm168.o
 *(.init9)
 *(.text)
 .text          0x000000a2        0x4 /usr/lib/gcc/avr/4.3.4/../../../avr/lib/avr5/crtm168.o
                0x000000a2                __vector_22
                0x000000a2                __vector_1
                0x000000a2                __vector_24
                0x000000a2                __vector_12
                0x000000a2                __bad_interrupt
                0x000000a2                __vector_6
                0x000000a2                __vector_3
                0x000000a2                __vector_23
                0x000000a2                __vector_25
                0x000000a2                __vector_11
                0x000000a2                __vector_13
                0x000000a2                __vector_17
                0x000000a2                __vector_19
                0x000000a2                __vector_7
                0x000000a2                __vector_5
                0x000000a2                __vector_4
                0x000000a2                __vector_9
                0x000000a2                __vector_2
                0x000000a2                __vector_21
                0x000000a2                __vector_15
                0x000000a2                __vector_8
                0x000000a2                __vector_14
                0x000000a2                __vector_10
                0x000000a2                __vector_16
                0x000000a2                __vector_18
                0x000000a2                __vector_20
 .text          0x000000a6      0x182 main.o
                0x000000a6                main
 .text          0x00000228       0xf4 can.o
                0x00000228                can_checkError
                0x00000236                can_checkReceive
                0x0000024c                can_readMessage
                0x0000028a                can_sendMessage
                0x00000304                can_initMessageStruct
                0x00000312                can_init
 .text          0x0000031c       0x32 spi.o
                0x0000031c                spi_init
                0x00000336                spi_readwrite
                0x00000342                spi_read
 .text          0x0000034e      0x536 mcp2515.o
                0x0000034e                mcp2515_modifyRegister
                0x0000037e                mcp2515_start_transmit
                0x0000038a                mcp2515_setRegisterS
                0x000003d4                mcp2515_write_can_id
                0x00000458                mcp2515_setRegister
                0x0000047c                mcp2515_initCANBuffers
                0x00000536                mcp2515_write_canMsg
                0x00000584                mcp2515_configRate
                0x000005ce                mcp2515_RXStatus
                0x000005d6                mcp2515_readStatus
                0x000005de                mcp2515_readRegisterS
                0x00000628                mcp2515_read_can_id
                0x000006ee                mcp2515_readRegister
                0x0000070a                mcp2515_set_config_mode
                0x00000730                mcp2515_getNextFreeTXBuf
                0x000007b0                mcp2515_read_canMsg
                0x00000802                mcp2515_setCANCTRL_Mode
                0x00000824                mcp2515_reset
                0x0000083c                mcp2515_init
 .text          0x00000884       0x3e timebase.o
                0x00000884                timebase_init
                0x0000089a                timebase_actTime
                0x000008ac                timebase_passedTimeMS
 .text          0x000008c2       0x1a delay.o
                0x000008c2                delayloop32
 .text          0x000008dc        0x0 /usr/lib/gcc/avr/4.3.4/avr5/libgcc.a(_exit.o)
 .text          0x000008dc        0x0 /usr/lib/gcc/avr/4.3.4/avr5/libgcc.a(_copy_data.o)
 .text          0x000008dc        0x0 /usr/lib/gcc/avr/4.3.4/avr5/libgcc.a(_clear_bss.o)
                0x000008dc                . = ALIGN (0x2)
 *(.text.*)
 .text.libgcc   0x000008dc        0x0 /usr/lib/gcc/avr/4.3.4/avr5/libgcc.a(_exit.o)
 .text.libgcc   0x000008dc        0x0 /usr/lib/gcc/avr/4.3.4/avr5/libgcc.a(_copy_data.o)
 .text.libgcc   0x000008dc        0x0 /usr/lib/gcc/avr/4.3.4/avr5/libgcc.a(_clear_bss.o)
                0x000008dc                . = ALIGN (0x2)
 *(.fini9)
 .fini9         0x000008dc        0x0 /usr/lib/gcc/avr/4.3.4/avr5/libgcc.a(_exit.o)
                0x000008dc                exit
                0x000008dc                _exit
 *(.fini9)
 *(.fini8)
 *(.fini8)
 *(.fini7)
 *(.fini7)
 *(.fini6)
 *(.fini6)
 *(.fini5)
 *(.fini5)
 *(.fini4)
 *(.fini4)
 *(.fini3)
 *(.fini3)
 *(.fini2)
 *(.fini2)
 *(.fini1)
 *(.fini1)
 *(.fini0)
 .fini0         0x000008dc        0x4 /usr/lib/gcc/avr/4.3.4/avr5/libgcc.a(_exit.o)
 *(.fini0)
                0x000008e0                _etext = .

.data           0x00800100        0x4 load address 0x000008e0
                0x00800100                PROVIDE (__data_start, .)
 *(.data)
 .data          0x00800100        0x0 /usr/lib/gcc/avr/4.3.4/../../../avr/lib/avr5/crtm168.o
 .data          0x00800100        0x0 main.o
 .data          0x00800100        0x1 can.o
                0x00800100                gCANAutoProcess
 .data          0x00800101        0x0 spi.o
 .data          0x00800101        0x3 mcp2515.o
 .data          0x00800104        0x0 timebase.o
 .data          0x00800104        0x0 delay.o
 .data          0x00800104        0x0 /usr/lib/gcc/avr/4.3.4/avr5/libgcc.a(_exit.o)
 .data          0x00800104        0x0 /usr/lib/gcc/avr/4.3.4/avr5/libgcc.a(_copy_data.o)
 .data          0x00800104        0x0 /usr/lib/gcc/avr/4.3.4/avr5/libgcc.a(_clear_bss.o)
 *(.data*)
 *(.rodata)
 *(.rodata*)
 *(.gnu.linkonce.d*)
                0x00800104                . = ALIGN (0x2)
                0x00800104                _edata = .
                0x00800104                PROVIDE (__data_end, .)

.bss            0x00800104        0x4
                0x00800104                PROVIDE (__bss_start, .)
 *(.bss)
 .bss           0x00800104        0x0 /usr/lib/gcc/avr/4.3.4/../../../avr/lib/avr5/crtm168.o
 .bss           0x00800104        0x2 main.o
                0x00800104                send_errors
 .bss           0x00800106        0x0 can.o
 .bss           0x00800106        0x0 spi.o
 .bss           0x00800106        0x0 mcp2515.o
 .bss           0x00800106        0x0 timebase.o
 .bss           0x00800106        0x0 delay.o
 .bss           0x00800106        0x0 /usr/lib/gcc/avr/4.3.4/avr5/libgcc.a(_exit.o)
 .bss           0x00800106        0x0 /usr/lib/gcc/avr/4.3.4/avr5/libgcc.a(_copy_data.o)
 .bss           0x00800106        0x0 /usr/lib/gcc/avr/4.3.4/avr5/libgcc.a(_clear_bss.o)
 *(.bss*)
 *(COMMON)
 COMMON         0x00800106        0x2 main.o
                0x00800106                gMilliSecTick
                0x00800108                PROVIDE (__bss_end, .)
                0x000008e0                __data_load_start = LOADADDR (.data)
                0x000008e4                __data_load_end = (__data_load_start + SIZEOF (.data))

.noinit         0x00800108        0x0
                0x00800108                PROVIDE (__noinit_start, .)
 *(.noinit*)
                0x00800108                PROVIDE (__noinit_end, .)
                0x00800108                _end = .
                0x00800108                PROVIDE (__heap_start, .)

.eeprom         0x00810000        0x0
 *(.eeprom*)
                0x00810000                __eeprom_end = .

.fuse
 *(.fuse)
 *(.lfuse)
 *(.hfuse)
 *(.efuse)

.lock
 *(.lock*)

.signature
 *(.signature*)

.stab           0x00000000      0x6b4
 *(.stab)
 .stab          0x00000000      0x6b4 /usr/lib/gcc/avr/4.3.4/../../../avr/lib/avr5/crtm168.o

.stabstr        0x00000000       0x54
 *(.stabstr)
 .stabstr       0x00000000       0x54 /usr/lib/gcc/avr/4.3.4/../../../avr/lib/avr5/crtm168.o

.stab.excl
 *(.stab.excl)

.stab.exclstr
 *(.stab.exclstr)

.stab.index
 *(.stab.index)

.stab.indexstr
 *(.stab.indexstr)

.comment
 *(.comment)

.debug
 *(.debug)

.line
 *(.line)

.debug_srcinfo
 *(.debug_srcinfo)

.debug_sfnames
 *(.debug_sfnames)

.debug_aranges  0x00000000       0xc0
 *(.debug_aranges)
 .debug_aranges
                0x00000000       0x20 main.o
 .debug_aranges
                0x00000020       0x20 can.o
 .debug_aranges
                0x00000040       0x20 spi.o
 .debug_aranges
                0x00000060       0x20 mcp2515.o
 .debug_aranges
                0x00000080       0x20 timebase.o
 .debug_aranges
                0x000000a0       0x20 delay.o

.debug_pubnames
                0x00000000      0x395
 *(.debug_pubnames)
 .debug_pubnames
                0x00000000       0x3d main.o
 .debug_pubnames
                0x0000003d       0xaf can.o
 .debug_pubnames
                0x000000ec       0x3e spi.o
 .debug_pubnames
                0x0000012a      0x1e4 mcp2515.o
 .debug_pubnames
                0x0000030e       0x65 timebase.o
 .debug_pubnames
                0x00000373       0x22 delay.o

.debug_info     0x00000000     0x10be
 *(.debug_info)
 .debug_info    0x00000000      0x4b0 main.o
 .debug_info    0x000004b0      0x299 can.o
 .debug_info    0x00000749       0xe7 spi.o
 .debug_info    0x00000830      0x6e4 mcp2515.o
 .debug_info    0x00000f14      0x11d timebase.o
 .debug_info    0x00001031       0x8d delay.o
 *(.gnu.linkonce.wi.*)

.debug_abbrev   0x00000000      0x726
 *(.debug_abbrev)
 .debug_abbrev  0x00000000      0x1a2 main.o
 .debug_abbrev  0x000001a2      0x11e can.o
 .debug_abbrev  0x000002c0       0xb3 spi.o
 .debug_abbrev  0x00000373      0x292 mcp2515.o
 .debug_abbrev  0x00000605       0xc6 timebase.o
 .debug_abbrev  0x000006cb       0x5b delay.o

.debug_line     0x00000000      0xd50
 *(.debug_line)
 .debug_line    0x00000000      0x2c2 main.o
 .debug_line    0x000002c2      0x1ab can.o
 .debug_line    0x0000046d      0x122 spi.o
 .debug_line    0x0000058f      0x600 mcp2515.o
 .debug_line    0x00000b8f      0x125 timebase.o
 .debug_line    0x00000cb4       0x9c delay.o

.debug_frame    0x00000000      0x280
 *(.debug_frame)
 .debug_frame   0x00000000       0x20 main.o
 .debug_frame   0x00000020       0x70 can.o
 .debug_frame   0x00000090       0x40 spi.o
 .debug_frame   0x000000d0      0x150 mcp2515.o
 .debug_frame   0x00000220       0x40 timebase.o
 .debug_frame   0x00000260       0x20 delay.o

.debug_str      0x00000000      0x4bc
 *(.debug_str)
 .debug_str     0x00000000      0x174 main.o
                                0x1b3 (size before relaxing)
 .debug_str     0x00000174       0x9d can.o
                                0x1ab (size before relaxing)
 .debug_str     0x00000211       0x26 spi.o
                                 0xe8 (size before relaxing)
 .debug_str     0x00000237      0x226 mcp2515.o
                                0x379 (size before relaxing)
 .debug_str     0x0000045d       0x45 timebase.o
                                0x119 (size before relaxing)
 .debug_str     0x000004a2       0x1a delay.o
                                 0xd8 (size before relaxing)

.debug_loc      0x00000000      0x860
 *(.debug_loc)
 .debug_loc     0x00000000      0x168 main.o
 .debug_loc     0x00000168      0x158 can.o
 .debug_loc     0x000002c0       0x13 spi.o
 .debug_loc     0x000002d3      0x516 mcp2515.o
 .debug_loc     0x000007e9       0x43 timebase.o
 .debug_loc     0x0000082c       0x34 delay.o

.debug_macinfo
 *(.debug_macinfo)
OUTPUT(main.elf elf32-avr)
LOAD linker stubs

.debug_ranges   0x00000000      0x100
 .debug_ranges  0x00000000      0x100 main.o

Cross Reference Table

Symbol                                            File
__bad_interrupt                                   /usr/lib/gcc/avr/4.3.4/../../../avr/lib/avr5/crtm168.o
__bss_end                                         /usr/lib/gcc/avr/4.3.4/avr5/libgcc.a(_clear_bss.o)
__bss_start                                       /usr/lib/gcc/avr/4.3.4/avr5/libgcc.a(_clear_bss.o)
__data_end                                        /usr/lib/gcc/avr/4.3.4/avr5/libgcc.a(_copy_data.o)
__data_load_start                                 /usr/lib/gcc/avr/4.3.4/avr5/libgcc.a(_copy_data.o)
__data_start                                      /usr/lib/gcc/avr/4.3.4/avr5/libgcc.a(_copy_data.o)
__do_clear_bss                                    /usr/lib/gcc/avr/4.3.4/avr5/libgcc.a(_clear_bss.o)
                                                  delay.o
                                                  timebase.o
                                                  mcp2515.o
                                                  spi.o
                                                  can.o
                                                  main.o
__do_copy_data                                    /usr/lib/gcc/avr/4.3.4/avr5/libgcc.a(_copy_data.o)
                                                  delay.o
                                                  timebase.o
                                                  mcp2515.o
                                                  spi.o
                                                  can.o
                                                  main.o
__heap_end                                        /usr/lib/gcc/avr/4.3.4/../../../avr/lib/avr5/crtm168.o
__init                                            /usr/lib/gcc/avr/4.3.4/../../../avr/lib/avr5/crtm168.o
__stack                                           /usr/lib/gcc/avr/4.3.4/../../../avr/lib/avr5/crtm168.o
__vector_1                                        /usr/lib/gcc/avr/4.3.4/../../../avr/lib/avr5/crtm168.o
__vector_10                                       /usr/lib/gcc/avr/4.3.4/../../../avr/lib/avr5/crtm168.o
__vector_11                                       /usr/lib/gcc/avr/4.3.4/../../../avr/lib/avr5/crtm168.o
__vector_12                                       /usr/lib/gcc/avr/4.3.4/../../../avr/lib/avr5/crtm168.o
__vector_13                                       /usr/lib/gcc/avr/4.3.4/../../../avr/lib/avr5/crtm168.o
__vector_14                                       /usr/lib/gcc/avr/4.3.4/../../../avr/lib/avr5/crtm168.o
__vector_15                                       /usr/lib/gcc/avr/4.3.4/../../../avr/lib/avr5/crtm168.o
__vector_16                                       /usr/lib/gcc/avr/4.3.4/../../../avr/lib/avr5/crtm168.o
__vector_17                                       /usr/lib/gcc/avr/4.3.4/../../../avr/lib/avr5/crtm168.o
__vector_18                                       /usr/lib/gcc/avr/4.3.4/../../../avr/lib/avr5/crtm168.o
__vector_19                                       /usr/lib/gcc/avr/4.3.4/../../../avr/lib/avr5/crtm168.o
__vector_2                                        /usr/lib/gcc/avr/4.3.4/../../../avr/lib/avr5/crtm168.o
__vector_20                                       /usr/lib/gcc/avr/4.3.4/../../../avr/lib/avr5/crtm168.o
__vector_21                                       /usr/lib/gcc/avr/4.3.4/../../../avr/lib/avr5/crtm168.o
__vector_22                                       /usr/lib/gcc/avr/4.3.4/../../../avr/lib/avr5/crtm168.o
__vector_23                                       /usr/lib/gcc/avr/4.3.4/../../../avr/lib/avr5/crtm168.o
__vector_24                                       /usr/lib/gcc/avr/4.3.4/../../../avr/lib/avr5/crtm168.o
__vector_25                                       /usr/lib/gcc/avr/4.3.4/../../../avr/lib/avr5/crtm168.o
__vector_3                                        /usr/lib/gcc/avr/4.3.4/../../../avr/lib/avr5/crtm168.o
__vector_4                                        /usr/lib/gcc/avr/4.3.4/../../../avr/lib/avr5/crtm168.o
__vector_5                                        /usr/lib/gcc/avr/4.3.4/../../../avr/lib/avr5/crtm168.o
__vector_6                                        /usr/lib/gcc/avr/4.3.4/../../../avr/lib/avr5/crtm168.o
__vector_7                                        /usr/lib/gcc/avr/4.3.4/../../../avr/lib/avr5/crtm168.o
__vector_8                                        /usr/lib/gcc/avr/4.3.4/../../../avr/lib/avr5/crtm168.o
__vector_9                                        /usr/lib/gcc/avr/4.3.4/../../../avr/lib/avr5/crtm168.o
__vector_default                                  /usr/lib/gcc/avr/4.3.4/../../../avr/lib/avr5/crtm168.o
__vectors                                         /usr/lib/gcc/avr/4.3.4/../../../avr/lib/avr5/crtm168.o
_exit                                             /usr/lib/gcc/avr/4.3.4/avr5/libgcc.a(_exit.o)
can_checkError                                    can.o
                                                  main.o
can_checkReceive                                  can.o
can_init                                          can.o
                                                  main.o
can_initMessageStruct                             can.o
                                                  main.o
can_readMessage                                   can.o
can_sendMessage                                   can.o
                                                  main.o
delayloop32                                       delay.o
                                                  mcp2515.o
exit                                              /usr/lib/gcc/avr/4.3.4/avr5/libgcc.a(_exit.o)
                                                  /usr/lib/gcc/avr/4.3.4/../../../avr/lib/avr5/crtm168.o
gCANAutoProcess                                   can.o
gMilliSecTick                                     timebase.o
                                                  can.o
                                                  main.o
main                                              main.o
                                                  /usr/lib/gcc/avr/4.3.4/../../../avr/lib/avr5/crtm168.o
mcp2515_RXStatus                                  mcp2515.o
mcp2515_configRate                                mcp2515.o
mcp2515_getNextFreeTXBuf                          mcp2515.o
                                                  can.o
mcp2515_init                                      mcp2515.o
                                                  can.o
mcp2515_initCANBuffers                            mcp2515.o
mcp2515_modifyRegister                            mcp2515.o
                                                  can.o
mcp2515_readRegister                              mcp2515.o
                                                  can.o
mcp2515_readRegisterS                             mcp2515.o
mcp2515_readStatus                                mcp2515.o
                                                  can.o
mcp2515_read_canMsg                               mcp2515.o
                                                  can.o
mcp2515_read_can_id                               mcp2515.o
mcp2515_reset                                     mcp2515.o
mcp2515_setCANCTRL_Mode                           mcp2515.o
                                                  main.o
mcp2515_setRegister                               mcp2515.o
mcp2515_setRegisterS                              mcp2515.o
mcp2515_set_config_mode                           mcp2515.o
mcp2515_start_transmit                            mcp2515.o
                                                  can.o
mcp2515_write_canMsg                              mcp2515.o
                                                  can.o
mcp2515_write_can_id                              mcp2515.o
send_errors                                       main.o
spi_init                                          spi.o
                                                  main.o
spi_read                                          spi.o
                                                  mcp2515.o
spi_readwrite                                     spi.o
                                                  mcp2515.o
timebase_actTime                                  timebase.o
                                                  can.o
timebase_init                                     timebase.o
timebase_passedTimeMS                             timebase.o
                                                  can.o
