   1               		.file	"timebase.c"
   2               	__SREG__ = 0x3f
   3               	__SP_H__ = 0x3e
   4               	__SP_L__ = 0x3d
   5               	__CCP__  = 0x34
   6               	__tmp_reg__ = 0
   7               	__zero_reg__ = 1
   8               		.global __do_copy_data
   9               		.global __do_clear_bss
  17               	.Ltext0:
  18               	.global	timebase_init
  20               	timebase_init:
  21               	.LFB2:
  22               	.LM1:
  23               	/* prologue: function */
  24               	/* frame size = 0 */
  25               	.LM2:
  26 0000 83E0      		ldi r24,lo8(3)
  27 0002 83BF      		out 83-32,r24
  28               	.LM3:
  29 0004 86E0      		ldi r24,lo8(6)
  30 0006 82BF      		out 82-32,r24
  31               	.LM4:
  32 0008 88B7      		in r24,88-32
  33 000a 8160      		ori r24,lo8(1)
  34 000c 88BF      		out 88-32,r24
  35               	.LM5:
  36 000e 89B7      		in r24,89-32
  37 0010 8160      		ori r24,lo8(1)
  38 0012 89BF      		out 89-32,r24
  39               	/* epilogue start */
  40               	.LM6:
  41 0014 0895      		ret
  42               	.LFE2:
  44               	.global	timebase_actTime
  46               	timebase_actTime:
  47               	.LFB3:
  48               	.LM7:
  49               	/* prologue: function */
  50               	/* frame size = 0 */
  51               	.LM8:
  52 0016 8FB7      		in r24,__SREG__
  53               	.LVL0:
  54               	.LM9:
  55               	/* #APP */
  56               	 ;  44 "timebase.c" 1
  57 0018 F894      		cli
  58               	 ;  0 "" 2
  59               	.LM10:
  60               	/* #NOAPP */
  61 001a 2091 0000 		lds r18,gMilliSecTick
  62 001e 3091 0000 		lds r19,(gMilliSecTick)+1
  63               	.LVL1:
  64               	.LM11:
  65 0022 8FBF      		out __SREG__,r24
  66               	.LM12:
  67 0024 C901      		movw r24,r18
  68               	.LVL2:
  69               	/* epilogue start */
  70 0026 0895      		ret
  71               	.LFE3:
  73               	.global	timebase_passedTimeMS
  75               	timebase_passedTimeMS:
  76               	.LFB4:
  77               	.LM13:
  78               	.LVL3:
  79               	/* prologue: function */
  80               	/* frame size = 0 */
  81               	.LM14:
  82 0028 4FB7      		in r20,__SREG__
  83               	.LVL4:
  84               	.LM15:
  85               	/* #APP */
  86               	 ;  59 "timebase.c" 1
  87 002a F894      		cli
  88               	 ;  0 "" 2
  89               	.LM16:
  90               	/* #NOAPP */
  91 002c 2091 0000 		lds r18,gMilliSecTick
  92 0030 3091 0000 		lds r19,(gMilliSecTick)+1
  93               	.LM17:
  94 0034 4FBF      		out __SREG__,r20
  95 0036 281B      		sub r18,r24
  96 0038 390B      		sbc r19,r25
  97               	.LM18:
  98 003a C901      		movw r24,r18
  99               	.LVL5:
 100               	/* epilogue start */
 101 003c 0895      		ret
 102               	.LFE4:
 104               		.comm gMilliSecTick,2,1
 145               	.Letext0:
DEFINED SYMBOLS
                            *ABS*:00000000 timebase.c
     /tmp/ccNcXStc.s:2      *ABS*:0000003f __SREG__
     /tmp/ccNcXStc.s:3      *ABS*:0000003e __SP_H__
     /tmp/ccNcXStc.s:4      *ABS*:0000003d __SP_L__
     /tmp/ccNcXStc.s:5      *ABS*:00000034 __CCP__
     /tmp/ccNcXStc.s:6      *ABS*:00000000 __tmp_reg__
     /tmp/ccNcXStc.s:7      *ABS*:00000001 __zero_reg__
     /tmp/ccNcXStc.s:20     .text:00000000 timebase_init
     /tmp/ccNcXStc.s:46     .text:00000016 timebase_actTime
                            *COM*:00000002 gMilliSecTick
     /tmp/ccNcXStc.s:75     .text:00000028 timebase_passedTimeMS

UNDEFINED SYMBOLS
__do_copy_data
__do_clear_bss
