Archive member included because of file (symbol)

/usr/lib/gcc/avr/4.5.2/avr5/libgcc.a(_exit.o)
                              /usr/lib/gcc/avr/4.5.2/../../../../avr/lib/avr5/crtm162.o (exit)
/usr/lib/gcc/avr/4.5.2/avr5/libgcc.a(_copy_data.o)
                              main.o (__do_copy_data)
/usr/lib/gcc/avr/4.5.2/avr5/libgcc.a(_clear_bss.o)
                              main.o (__do_clear_bss)

Allocating common symbols
Common symbol       size              file

gMilliSecTick       0x2               main.o

Memory Configuration

Name             Origin             Length             Attributes
text             0x0000000000000000 0x0000000000020000 xr
data             0x0000000000800060 0x000000000000ffa0 rw !x
eeprom           0x0000000000810000 0x0000000000010000 rw !x
*default*        0x0000000000000000 0xffffffffffffffff

Linker script and memory map

Address of section .data set to 0x800100
LOAD /usr/lib/gcc/avr/4.5.2/../../../../avr/lib/avr5/crtm162.o
LOAD main.o
LOAD can.o
LOAD spi.o
LOAD mcp2515.o
LOAD timebase.o
LOAD delay.o
LOAD /usr/lib/gcc/avr/4.5.2/../../../../avr/lib/avr5/libm.a
LOAD /usr/lib/gcc/avr/4.5.2/avr5/libgcc.a
LOAD /usr/lib/gcc/avr/4.5.2/../../../../avr/lib/avr5/libc.a
LOAD /usr/lib/gcc/avr/4.5.2/avr5/libgcc.a

.hash
 *(.hash)

.dynsym
 *(.dynsym)

.dynstr
 *(.dynstr)

.gnu.version
 *(.gnu.version)

.gnu.version_d
 *(.gnu.version_d)

.gnu.version_r
 *(.gnu.version_r)

.rel.init
 *(.rel.init)

.rela.init
 *(.rela.init)

.rel.text
 *(.rel.text)
 *(.rel.text.*)
 *(.rel.gnu.linkonce.t*)

.rela.text
 *(.rela.text)
 *(.rela.text.*)
 *(.rela.gnu.linkonce.t*)

.rel.fini
 *(.rel.fini)

.rela.fini
 *(.rela.fini)

.rel.rodata
 *(.rel.rodata)
 *(.rel.rodata.*)
 *(.rel.gnu.linkonce.r*)

.rela.rodata
 *(.rela.rodata)
 *(.rela.rodata.*)
 *(.rela.gnu.linkonce.r*)

.rel.data
 *(.rel.data)
 *(.rel.data.*)
 *(.rel.gnu.linkonce.d*)

.rela.data
 *(.rela.data)
 *(.rela.data.*)
 *(.rela.gnu.linkonce.d*)

.rel.ctors
 *(.rel.ctors)

.rela.ctors
 *(.rela.ctors)

.rel.dtors
 *(.rel.dtors)

.rela.dtors
 *(.rela.dtors)

.rel.got
 *(.rel.got)

.rela.got
 *(.rela.got)

.rel.bss
 *(.rel.bss)

.rela.bss
 *(.rela.bss)

.rel.plt
 *(.rel.plt)

.rela.plt
 *(.rela.plt)

.text           0x0000000000000000      0x7b2
 *(.vectors)
 .vectors       0x0000000000000000       0x70 /usr/lib/gcc/avr/4.5.2/../../../../avr/lib/avr5/crtm162.o
                0x0000000000000000                __vectors
                0x0000000000000000                __vector_default
 *(.vectors)
 *(.progmem.gcc*)
 *(.progmem*)
                0x0000000000000070                . = ALIGN (0x2)
                0x0000000000000070                __trampolines_start = .
 *(.trampolines)
 .trampolines   0x0000000000000070        0x0 linker stubs
 *(.trampolines*)
                0x0000000000000070                __trampolines_end = .
 *(.jumptables)
 *(.jumptables*)
 *(.lowtext)
 *(.lowtext*)
                0x0000000000000070                __ctors_start = .
 *(.ctors)
                0x0000000000000070                __ctors_end = .
                0x0000000000000070                __dtors_start = .
 *(.dtors)
                0x0000000000000070                __dtors_end = .
 SORT(*)(.ctors)
 SORT(*)(.dtors)
 *(.init0)
 .init0         0x0000000000000070        0x0 /usr/lib/gcc/avr/4.5.2/../../../../avr/lib/avr5/crtm162.o
                0x0000000000000070                __init
 *(.init0)
 *(.init1)
 *(.init1)
 *(.init2)
 .init2         0x0000000000000070        0xc /usr/lib/gcc/avr/4.5.2/../../../../avr/lib/avr5/crtm162.o
 *(.init2)
 *(.init3)
 *(.init3)
 *(.init4)
 .init4         0x000000000000007c       0x16 /usr/lib/gcc/avr/4.5.2/avr5/libgcc.a(_copy_data.o)
                0x000000000000007c                __do_copy_data
 .init4         0x0000000000000092       0x10 /usr/lib/gcc/avr/4.5.2/avr5/libgcc.a(_clear_bss.o)
                0x0000000000000092                __do_clear_bss
 *(.init4)
 *(.init5)
 *(.init5)
 *(.init6)
 *(.init6)
 *(.init7)
 *(.init7)
 *(.init8)
 *(.init8)
 *(.init9)
 .init9         0x00000000000000a2        0x8 /usr/lib/gcc/avr/4.5.2/../../../../avr/lib/avr5/crtm162.o
 *(.init9)
 *(.text)
 .text          0x00000000000000aa        0x4 /usr/lib/gcc/avr/4.5.2/../../../../avr/lib/avr5/crtm162.o
                0x00000000000000aa                __vector_22
                0x00000000000000aa                __vector_1
                0x00000000000000aa                __vector_24
                0x00000000000000aa                __vector_12
                0x00000000000000aa                __bad_interrupt
                0x00000000000000aa                __vector_6
                0x00000000000000aa                __vector_3
                0x00000000000000aa                __vector_23
                0x00000000000000aa                __vector_25
                0x00000000000000aa                __vector_11
                0x00000000000000aa                __vector_13
                0x00000000000000aa                __vector_17
                0x00000000000000aa                __vector_19
                0x00000000000000aa                __vector_7
                0x00000000000000aa                __vector_27
                0x00000000000000aa                __vector_5
                0x00000000000000aa                __vector_4
                0x00000000000000aa                __vector_9
                0x00000000000000aa                __vector_2
                0x00000000000000aa                __vector_21
                0x00000000000000aa                __vector_15
                0x00000000000000aa                __vector_8
                0x00000000000000aa                __vector_26
                0x00000000000000aa                __vector_14
                0x00000000000000aa                __vector_10
                0x00000000000000aa                __vector_16
                0x00000000000000aa                __vector_18
                0x00000000000000aa                __vector_20
 .text          0x00000000000000ae       0x1c main.o
                0x00000000000000ae                main
 .text          0x00000000000000ca      0x10a can.o
                0x00000000000000ca                can_init
                0x00000000000000da                can_initMessageStruct
                0x00000000000000e8                can_sendMessage
                0x0000000000000160                can_readMessage
                0x00000000000001ac                can_checkReceive
                0x00000000000001c2                can_checkError
 .text          0x00000000000001d4       0x20 spi.o
                0x00000000000001d4                spi_init
                0x00000000000001e2                spi_readwrite
                0x00000000000001ec                spi_read
 .text          0x00000000000001f4      0x562 mcp2515.o
                0x0000000000000202                mcp2515_reset
                0x000000000000021a                mcp2515_readRegister
                0x0000000000000236                mcp2515_readRegisterS
                0x0000000000000290                mcp2515_setRegister
                0x00000000000002c2                mcp2515_setRegisterS
                0x000000000000031c                mcp2515_modifyRegister
                0x000000000000035a                mcp2515_readStatus
                0x0000000000000362                mcp2515_RXStatus
                0x000000000000036a                mcp2515_setCANCTRL_Mode
                0x000000000000038e                mcp2515_configRate
                0x00000000000003ca                mcp2515_read_can_id
                0x000000000000048e                mcp2515_read_canMsg
                0x00000000000004e2                mcp2515_write_can_id
                0x000000000000054c                mcp2515_write_canMsg
                0x0000000000000592                mcp2515_start_transmit
                0x000000000000059e                mcp2515_getNextFreeTXBuf
                0x000000000000061c                mcp2515_initCANBuffers
                0x00000000000006d6                mcp2515_set_config_mode
                0x00000000000006fc                mcp2515_init
 .text          0x0000000000000756       0x3e timebase.o
                0x0000000000000756                timebase_init
                0x000000000000076c                timebase_actTime
                0x000000000000077e                timebase_passedTimeMS
 .text          0x0000000000000794       0x1a delay.o
                0x0000000000000794                delayloop32
 .text          0x00000000000007ae        0x0 /usr/lib/gcc/avr/4.5.2/avr5/libgcc.a(_exit.o)
 .text          0x00000000000007ae        0x0 /usr/lib/gcc/avr/4.5.2/avr5/libgcc.a(_copy_data.o)
 .text          0x00000000000007ae        0x0 /usr/lib/gcc/avr/4.5.2/avr5/libgcc.a(_clear_bss.o)
                0x00000000000007ae                . = ALIGN (0x2)
 *(.text.*)
 .text.libgcc   0x00000000000007ae        0x0 /usr/lib/gcc/avr/4.5.2/avr5/libgcc.a(_exit.o)
 .text.libgcc   0x00000000000007ae        0x0 /usr/lib/gcc/avr/4.5.2/avr5/libgcc.a(_copy_data.o)
 .text.libgcc   0x00000000000007ae        0x0 /usr/lib/gcc/avr/4.5.2/avr5/libgcc.a(_clear_bss.o)
                0x00000000000007ae                . = ALIGN (0x2)
 *(.fini9)
 .fini9         0x00000000000007ae        0x0 /usr/lib/gcc/avr/4.5.2/avr5/libgcc.a(_exit.o)
                0x00000000000007ae                exit
                0x00000000000007ae                _exit
 *(.fini9)
 *(.fini8)
 *(.fini8)
 *(.fini7)
 *(.fini7)
 *(.fini6)
 *(.fini6)
 *(.fini5)
 *(.fini5)
 *(.fini4)
 *(.fini4)
 *(.fini3)
 *(.fini3)
 *(.fini2)
 *(.fini2)
 *(.fini1)
 *(.fini1)
 *(.fini0)
 .fini0         0x00000000000007ae        0x4 /usr/lib/gcc/avr/4.5.2/avr5/libgcc.a(_exit.o)
 *(.fini0)
                0x00000000000007b2                _etext = .

.data           0x0000000000800100        0x4 load address 0x00000000000007b2
                0x0000000000800100                PROVIDE (__data_start, .)
 *(.data)
 .data          0x0000000000800100        0x0 /usr/lib/gcc/avr/4.5.2/../../../../avr/lib/avr5/crtm162.o
 .data          0x0000000000800100        0x0 main.o
 .data          0x0000000000800100        0x1 can.o
                0x0000000000800100                gCANAutoProcess
 .data          0x0000000000800101        0x0 spi.o
 .data          0x0000000000800101        0x3 mcp2515.o
 .data          0x0000000000800104        0x0 timebase.o
 .data          0x0000000000800104        0x0 delay.o
 .data          0x0000000000800104        0x0 /usr/lib/gcc/avr/4.5.2/avr5/libgcc.a(_exit.o)
 .data          0x0000000000800104        0x0 /usr/lib/gcc/avr/4.5.2/avr5/libgcc.a(_copy_data.o)
 .data          0x0000000000800104        0x0 /usr/lib/gcc/avr/4.5.2/avr5/libgcc.a(_clear_bss.o)
 *(.data*)
 *(.rodata)
 *(.rodata*)
 *(.gnu.linkonce.d*)
                0x0000000000800104                . = ALIGN (0x2)
                0x0000000000800104                _edata = .
                0x0000000000800104                PROVIDE (__data_end, .)

.bss            0x0000000000800104        0x4
                0x0000000000800104                PROVIDE (__bss_start, .)
 *(.bss)
 .bss           0x0000000000800104        0x0 /usr/lib/gcc/avr/4.5.2/../../../../avr/lib/avr5/crtm162.o
 .bss           0x0000000000800104        0x2 main.o
                0x0000000000800104                send_errors
 .bss           0x0000000000800106        0x0 can.o
 .bss           0x0000000000800106        0x0 spi.o
 .bss           0x0000000000800106        0x0 mcp2515.o
 .bss           0x0000000000800106        0x0 timebase.o
 .bss           0x0000000000800106        0x0 delay.o
 .bss           0x0000000000800106        0x0 /usr/lib/gcc/avr/4.5.2/avr5/libgcc.a(_exit.o)
 .bss           0x0000000000800106        0x0 /usr/lib/gcc/avr/4.5.2/avr5/libgcc.a(_copy_data.o)
 .bss           0x0000000000800106        0x0 /usr/lib/gcc/avr/4.5.2/avr5/libgcc.a(_clear_bss.o)
 *(.bss*)
 *(COMMON)
 COMMON         0x0000000000800106        0x2 main.o
                0x0000000000800106                gMilliSecTick
                0x0000000000800108                PROVIDE (__bss_end, .)
                0x00000000000007b2                __data_load_start = LOADADDR (.data)
                0x00000000000007b6                __data_load_end = (__data_load_start + SIZEOF (.data))

.noinit         0x0000000000800108        0x0
                0x0000000000800108                PROVIDE (__noinit_start, .)
 *(.noinit*)
                0x0000000000800108                PROVIDE (__noinit_end, .)
                0x0000000000800108                _end = .
                0x0000000000800108                PROVIDE (__heap_start, .)

.eeprom         0x0000000000810000        0x0
 *(.eeprom*)
                0x0000000000810000                __eeprom_end = .

.stab
 *(.stab)

.stabstr
 *(.stabstr)

.stab.excl
 *(.stab.excl)

.stab.exclstr
 *(.stab.exclstr)

.stab.index
 *(.stab.index)

.stab.indexstr
 *(.stab.indexstr)

.comment
 *(.comment)

.debug
 *(.debug)

.line
 *(.line)

.debug_srcinfo
 *(.debug_srcinfo .zdebug_srcinfo)

.debug_sfnames
 *(.debug_sfnames .zdebug_sfnames)

.debug_aranges  0x0000000000000000       0xc0
 *(.debug_aranges .zdebug_aranges)
 .debug_aranges
                0x0000000000000000       0x20 main.o
 .debug_aranges
                0x0000000000000020       0x20 can.o
 .debug_aranges
                0x0000000000000040       0x20 spi.o
 .debug_aranges
                0x0000000000000060       0x20 mcp2515.o
 .debug_aranges
                0x0000000000000080       0x20 timebase.o
 .debug_aranges
                0x00000000000000a0       0x20 delay.o

.debug_pubnames
                0x0000000000000000      0x395
 *(.debug_pubnames .zdebug_pubnames)
 .debug_pubnames
                0x0000000000000000       0x3d main.o
 .debug_pubnames
                0x000000000000003d       0xaf can.o
 .debug_pubnames
                0x00000000000000ec       0x3e spi.o
 .debug_pubnames
                0x000000000000012a      0x1e4 mcp2515.o
 .debug_pubnames
                0x000000000000030e       0x65 timebase.o
 .debug_pubnames
                0x0000000000000373       0x22 delay.o

.debug_info     0x0000000000000000      0xdb0
 *(.debug_info .gnu.linkonce.wi.* .zdebug_info)
 .debug_info    0x0000000000000000      0x164 main.o
 .debug_info    0x0000000000000164      0x2a4 can.o
 .debug_info    0x0000000000000408       0xc4 spi.o
 .debug_info    0x00000000000004cc      0x722 mcp2515.o
 .debug_info    0x0000000000000bee      0x134 timebase.o
 .debug_info    0x0000000000000d22       0x8e delay.o

.debug_abbrev   0x0000000000000000      0x624
 *(.debug_abbrev .zdebug_abbrev)
 .debug_abbrev  0x0000000000000000       0xed main.o
 .debug_abbrev  0x00000000000000ed      0x108 can.o
 .debug_abbrev  0x00000000000001f5       0x8b spi.o
 .debug_abbrev  0x0000000000000280      0x270 mcp2515.o
 .debug_abbrev  0x00000000000004f0       0xd9 timebase.o
 .debug_abbrev  0x00000000000005c9       0x5b delay.o

.debug_line     0x0000000000000000      0xba9
 *(.debug_line .zdebug_line)
 .debug_line    0x0000000000000000       0xf7 main.o
 .debug_line    0x00000000000000f7      0x1cf can.o
 .debug_line    0x00000000000002c6       0xe0 spi.o
 .debug_line    0x00000000000003a6      0x66e mcp2515.o
 .debug_line    0x0000000000000a14      0x113 timebase.o
 .debug_line    0x0000000000000b27       0x82 delay.o

.debug_frame    0x0000000000000000      0x280
 *(.debug_frame .zdebug_frame)
 .debug_frame   0x0000000000000000       0x20 main.o
 .debug_frame   0x0000000000000020       0x70 can.o
 .debug_frame   0x0000000000000090       0x40 spi.o
 .debug_frame   0x00000000000000d0      0x150 mcp2515.o
 .debug_frame   0x0000000000000220       0x40 timebase.o
 .debug_frame   0x0000000000000260       0x20 delay.o

.debug_str      0x0000000000000000      0x463
 *(.debug_str .zdebug_str)
 .debug_str     0x0000000000000000       0xe4 main.o
                                        0x118 (size before relaxing)
 .debug_str     0x00000000000000e4       0xd4 can.o
                                        0x19b (size before relaxing)
 .debug_str     0x00000000000001b8       0x26 spi.o
                                         0xd8 (size before relaxing)
 .debug_str     0x00000000000001de      0x226 mcp2515.o
                                        0x369 (size before relaxing)
 .debug_str     0x0000000000000404       0x45 timebase.o
                                        0x109 (size before relaxing)
 .debug_str     0x0000000000000449       0x1a delay.o
                                         0xc8 (size before relaxing)

.debug_loc      0x0000000000000000      0x857
 *(.debug_loc .zdebug_loc)
 .debug_loc     0x0000000000000000       0x16 main.o
 .debug_loc     0x0000000000000016      0x198 can.o
 .debug_loc     0x00000000000001ae       0x1f spi.o
 .debug_loc     0x00000000000001cd      0x60d mcp2515.o
 .debug_loc     0x00000000000007da       0x5f timebase.o
 .debug_loc     0x0000000000000839       0x1e delay.o

.debug_macinfo
 *(.debug_macinfo .zdebug_macinfo)
OUTPUT(main.elf elf32-avr)
LOAD linker stubs

.debug_pubtypes
                0x0000000000000000      0x115
 .debug_pubtypes
                0x0000000000000000       0x1f main.o
 .debug_pubtypes
                0x000000000000001f       0x47 can.o
 .debug_pubtypes
                0x0000000000000066       0x1e spi.o
 .debug_pubtypes
                0x0000000000000084       0x47 mcp2515.o
 .debug_pubtypes
                0x00000000000000cb       0x2b timebase.o
 .debug_pubtypes
                0x00000000000000f6       0x1f delay.o

Cross Reference Table

Symbol                                            File
__bad_interrupt                                   /usr/lib/gcc/avr/4.5.2/../../../../avr/lib/avr5/crtm162.o
__bss_end                                         /usr/lib/gcc/avr/4.5.2/avr5/libgcc.a(_clear_bss.o)
__bss_start                                       /usr/lib/gcc/avr/4.5.2/avr5/libgcc.a(_clear_bss.o)
__data_end                                        /usr/lib/gcc/avr/4.5.2/avr5/libgcc.a(_copy_data.o)
__data_load_start                                 /usr/lib/gcc/avr/4.5.2/avr5/libgcc.a(_copy_data.o)
__data_start                                      /usr/lib/gcc/avr/4.5.2/avr5/libgcc.a(_copy_data.o)
__do_clear_bss                                    /usr/lib/gcc/avr/4.5.2/avr5/libgcc.a(_clear_bss.o)
                                                  delay.o
                                                  timebase.o
                                                  mcp2515.o
                                                  spi.o
                                                  can.o
                                                  main.o
__do_copy_data                                    /usr/lib/gcc/avr/4.5.2/avr5/libgcc.a(_copy_data.o)
                                                  delay.o
                                                  timebase.o
                                                  mcp2515.o
                                                  spi.o
                                                  can.o
                                                  main.o
__heap_end                                        /usr/lib/gcc/avr/4.5.2/../../../../avr/lib/avr5/crtm162.o
__init                                            /usr/lib/gcc/avr/4.5.2/../../../../avr/lib/avr5/crtm162.o
__stack                                           /usr/lib/gcc/avr/4.5.2/../../../../avr/lib/avr5/crtm162.o
__vector_1                                        /usr/lib/gcc/avr/4.5.2/../../../../avr/lib/avr5/crtm162.o
__vector_10                                       /usr/lib/gcc/avr/4.5.2/../../../../avr/lib/avr5/crtm162.o
__vector_11                                       /usr/lib/gcc/avr/4.5.2/../../../../avr/lib/avr5/crtm162.o
__vector_12                                       /usr/lib/gcc/avr/4.5.2/../../../../avr/lib/avr5/crtm162.o
__vector_13                                       /usr/lib/gcc/avr/4.5.2/../../../../avr/lib/avr5/crtm162.o
__vector_14                                       /usr/lib/gcc/avr/4.5.2/../../../../avr/lib/avr5/crtm162.o
__vector_15                                       /usr/lib/gcc/avr/4.5.2/../../../../avr/lib/avr5/crtm162.o
__vector_16                                       /usr/lib/gcc/avr/4.5.2/../../../../avr/lib/avr5/crtm162.o
__vector_17                                       /usr/lib/gcc/avr/4.5.2/../../../../avr/lib/avr5/crtm162.o
__vector_18                                       /usr/lib/gcc/avr/4.5.2/../../../../avr/lib/avr5/crtm162.o
__vector_19                                       /usr/lib/gcc/avr/4.5.2/../../../../avr/lib/avr5/crtm162.o
__vector_2                                        /usr/lib/gcc/avr/4.5.2/../../../../avr/lib/avr5/crtm162.o
__vector_20                                       /usr/lib/gcc/avr/4.5.2/../../../../avr/lib/avr5/crtm162.o
__vector_21                                       /usr/lib/gcc/avr/4.5.2/../../../../avr/lib/avr5/crtm162.o
__vector_22                                       /usr/lib/gcc/avr/4.5.2/../../../../avr/lib/avr5/crtm162.o
__vector_23                                       /usr/lib/gcc/avr/4.5.2/../../../../avr/lib/avr5/crtm162.o
__vector_24                                       /usr/lib/gcc/avr/4.5.2/../../../../avr/lib/avr5/crtm162.o
__vector_25                                       /usr/lib/gcc/avr/4.5.2/../../../../avr/lib/avr5/crtm162.o
__vector_26                                       /usr/lib/gcc/avr/4.5.2/../../../../avr/lib/avr5/crtm162.o
__vector_27                                       /usr/lib/gcc/avr/4.5.2/../../../../avr/lib/avr5/crtm162.o
__vector_3                                        /usr/lib/gcc/avr/4.5.2/../../../../avr/lib/avr5/crtm162.o
__vector_4                                        /usr/lib/gcc/avr/4.5.2/../../../../avr/lib/avr5/crtm162.o
__vector_5                                        /usr/lib/gcc/avr/4.5.2/../../../../avr/lib/avr5/crtm162.o
__vector_6                                        /usr/lib/gcc/avr/4.5.2/../../../../avr/lib/avr5/crtm162.o
__vector_7                                        /usr/lib/gcc/avr/4.5.2/../../../../avr/lib/avr5/crtm162.o
__vector_8                                        /usr/lib/gcc/avr/4.5.2/../../../../avr/lib/avr5/crtm162.o
__vector_9                                        /usr/lib/gcc/avr/4.5.2/../../../../avr/lib/avr5/crtm162.o
__vector_default                                  /usr/lib/gcc/avr/4.5.2/../../../../avr/lib/avr5/crtm162.o
__vectors                                         /usr/lib/gcc/avr/4.5.2/../../../../avr/lib/avr5/crtm162.o
_exit                                             /usr/lib/gcc/avr/4.5.2/avr5/libgcc.a(_exit.o)
can_checkError                                    can.o
can_checkReceive                                  can.o
can_init                                          can.o
can_initMessageStruct                             can.o
can_readMessage                                   can.o
can_sendMessage                                   can.o
delayloop32                                       delay.o
                                                  mcp2515.o
exit                                              /usr/lib/gcc/avr/4.5.2/avr5/libgcc.a(_exit.o)
                                                  /usr/lib/gcc/avr/4.5.2/../../../../avr/lib/avr5/crtm162.o
gCANAutoProcess                                   can.o
gMilliSecTick                                     timebase.o
                                                  can.o
                                                  main.o
main                                              main.o
                                                  /usr/lib/gcc/avr/4.5.2/../../../../avr/lib/avr5/crtm162.o
mcp2515_RXStatus                                  mcp2515.o
mcp2515_configRate                                mcp2515.o
mcp2515_getNextFreeTXBuf                          mcp2515.o
                                                  can.o
mcp2515_init                                      mcp2515.o
                                                  can.o
mcp2515_initCANBuffers                            mcp2515.o
mcp2515_modifyRegister                            mcp2515.o
                                                  can.o
mcp2515_readRegister                              mcp2515.o
                                                  can.o
mcp2515_readRegisterS                             mcp2515.o
mcp2515_readStatus                                mcp2515.o
                                                  can.o
mcp2515_read_canMsg                               mcp2515.o
                                                  can.o
mcp2515_read_can_id                               mcp2515.o
mcp2515_reset                                     mcp2515.o
mcp2515_setCANCTRL_Mode                           mcp2515.o
mcp2515_setRegister                               mcp2515.o
mcp2515_setRegisterS                              mcp2515.o
mcp2515_set_config_mode                           mcp2515.o
mcp2515_start_transmit                            mcp2515.o
                                                  can.o
mcp2515_write_canMsg                              mcp2515.o
                                                  can.o
mcp2515_write_can_id                              mcp2515.o
send_errors                                       main.o
spi_init                                          spi.o
                                                  main.o
spi_read                                          spi.o
                                                  mcp2515.o
spi_readwrite                                     spi.o
                                                  mcp2515.o
timebase_actTime                                  timebase.o
                                                  can.o
timebase_init                                     timebase.o
timebase_passedTimeMS                             timebase.o
                                                  can.o
