   1               		.file	"timebase.c"
   2               	__SREG__ = 0x3f
   3               	__SP_H__ = 0x3e
   4               	__SP_L__ = 0x3d
   5               	__tmp_reg__ = 0
   6               	__zero_reg__ = 1
   7               		.global __do_copy_data
   8               		.global __do_clear_bss
  16               	.Ltext0:
  17               	.global	timebase_init
  19               	timebase_init:
  20               	.LFB0:
  21               	.LM1:
  22               	/* prologue: function */
  23               	/* frame size = 0 */
  24               	/* stack size = 0 */
  25               	.L__stack_usage = 0
  26               	.LM2:
  27 0000 83E0      		ldi r24,lo8(3)
  28 0002 83BF      		out 83-0x20,r24
  29               	.LM3:
  30 0004 86E0      		ldi r24,lo8(6)
  31 0006 82BF      		out 82-0x20,r24
  32               	.LM4:
  33 0008 88B7      		in r24,88-0x20
  34 000a 8260      		ori r24,lo8(2)
  35 000c 88BF      		out 88-0x20,r24
  36               	.LM5:
  37 000e 89B7      		in r24,89-0x20
  38 0010 8260      		ori r24,lo8(2)
  39 0012 89BF      		out 89-0x20,r24
  40               	/* epilogue start */
  41               	.LM6:
  42 0014 0895      		ret
  43               	.LFE0:
  45               	.global	timebase_actTime
  47               	timebase_actTime:
  48               	.LFB1:
  49               	.LM7:
  50               	/* prologue: function */
  51               	/* frame size = 0 */
  52               	/* stack size = 0 */
  53               	.L__stack_usage = 0
  54               	.LM8:
  55 0016 8FB7      		in r24,__SREG__
  56               	.LVL0:
  57               	.LM9:
  58               	/* #APP */
  59               	 ;  44 "timebase.c" 1
  60 0018 F894      		cli
  61               	 ;  0 "" 2
  62               	.LM10:
  63               	/* #NOAPP */
  64 001a 2091 0000 		lds r18,gMilliSecTick
  65 001e 3091 0000 		lds r19,gMilliSecTick+1
  66               	.LVL1:
  67               	.LM11:
  68 0022 8FBF      		out __SREG__,r24
  69               	.LM12:
  70 0024 C901      		movw r24,r18
  71               	.LVL2:
  72               	/* epilogue start */
  73 0026 0895      		ret
  74               	.LFE1:
  76               	.global	timebase_passedTimeMS
  78               	timebase_passedTimeMS:
  79               	.LFB2:
  80               	.LM13:
  81               	.LVL3:
  82               	/* prologue: function */
  83               	/* frame size = 0 */
  84               	/* stack size = 0 */
  85               	.L__stack_usage = 0
  86               	.LM14:
  87 0028 4FB7      		in r20,__SREG__
  88               	.LVL4:
  89               	.LM15:
  90               	/* #APP */
  91               	 ;  59 "timebase.c" 1
  92 002a F894      		cli
  93               	 ;  0 "" 2
  94               	.LM16:
  95               	/* #NOAPP */
  96 002c 2091 0000 		lds r18,gMilliSecTick
  97 0030 3091 0000 		lds r19,gMilliSecTick+1
  98               	.LVL5:
  99               	.LM17:
 100 0034 4FBF      		out __SREG__,r20
 101               	.LM18:
 102 0036 281B      		sub r18,r24
 103 0038 390B      		sbc r19,r25
 104               	.LVL6:
 105               	.LM19:
 106 003a C901      		movw r24,r18
 107               	.LVL7:
 108               	/* epilogue start */
 109 003c 0895      		ret
 110               	.LFE2:
 112               		.comm gMilliSecTick,2,1
 153               	.Letext0:
DEFINED SYMBOLS
                            *ABS*:0000000000000000 timebase.c
     /tmp/ccgJa2I6.s:2      *ABS*:000000000000003f __SREG__
     /tmp/ccgJa2I6.s:3      *ABS*:000000000000003e __SP_H__
     /tmp/ccgJa2I6.s:4      *ABS*:000000000000003d __SP_L__
     /tmp/ccgJa2I6.s:5      *ABS*:0000000000000000 __tmp_reg__
     /tmp/ccgJa2I6.s:6      *ABS*:0000000000000001 __zero_reg__
     /tmp/ccgJa2I6.s:19     .text:0000000000000000 timebase_init
     /tmp/ccgJa2I6.s:47     .text:0000000000000016 timebase_actTime
                            *COM*:0000000000000002 gMilliSecTick
     /tmp/ccgJa2I6.s:78     .text:0000000000000028 timebase_passedTimeMS

UNDEFINED SYMBOLS
__do_copy_data
__do_clear_bss
