Archive member included because of file (symbol)

contiki-avr-our.a(process.o)  can_broadcast_contiki_app.co (process_current)
contiki-avr-our.a(etimer.o)   can_broadcast_contiki_app.co (etimer_set)
contiki-avr-our.a(contiki-avr-our)
                              /usr/lib/gcc/avr/4.5.2/../../../../avr/lib/avr51/crtcan128.o (main)
contiki-avr-our.a(can.o)      contiki-avr-our.a(contiki-avr-our) (can_process)
contiki-avr-our.a(can-drv.o)  contiki-avr-our.a(can.o) (can_clear_all_mob)
contiki-avr-our.a(clock.o)    contiki-avr-our.a(contiki-avr-our) (clock_init)
contiki-avr-our.a(procinit.o)
                              contiki-avr-our.a(contiki-avr-our) (procinit_init)
contiki-avr-our.a(autostart.o)
                              contiki-avr-our.a(contiki-avr-our) (autostart_start)
contiki-avr-our.a(timer.o)    contiki-avr-our.a(etimer.o) (timer_set)
contiki-avr-our.a(list.o)     contiki-avr-our.a(can.o) (list_init)
/usr/lib/gcc/avr/4.5.2/avr51/libgcc.a(_divmodhi4.o)
                              contiki-avr-our.a(process.o) (__divmodhi4)
/usr/lib/gcc/avr/4.5.2/avr51/libgcc.a(_exit.o)
                              /usr/lib/gcc/avr/4.5.2/../../../../avr/lib/avr51/crtcan128.o (exit)
/usr/lib/gcc/avr/4.5.2/avr51/libgcc.a(_copy_data.o)
                              can_broadcast_contiki_app.co (__do_copy_data)
/usr/lib/gcc/avr/4.5.2/avr51/libgcc.a(_clear_bss.o)
                              can_broadcast_contiki_app.co (__do_clear_bss)
/usr/lib/gcc/avr/4.5.2/avr51/libgcc.a(_fixunssfsi.o)
                              can_broadcast_contiki_app.co (__fixunssfsi)
/usr/lib/gcc/avr/4.5.2/avr51/libgcc.a(_addsub_sf.o)
                              /usr/lib/gcc/avr/4.5.2/avr51/libgcc.a(_fixunssfsi.o) (__subsf3)
/usr/lib/gcc/avr/4.5.2/avr51/libgcc.a(_mul_sf.o)
                              can_broadcast_contiki_app.co (__mulsf3)
/usr/lib/gcc/avr/4.5.2/avr51/libgcc.a(_gt_sf.o)
                              can_broadcast_contiki_app.co (__gtsf2)
/usr/lib/gcc/avr/4.5.2/avr51/libgcc.a(_ge_sf.o)
                              /usr/lib/gcc/avr/4.5.2/avr51/libgcc.a(_fixunssfsi.o) (__gesf2)
/usr/lib/gcc/avr/4.5.2/avr51/libgcc.a(_lt_sf.o)
                              can_broadcast_contiki_app.co (__ltsf2)
/usr/lib/gcc/avr/4.5.2/avr51/libgcc.a(_sf_to_si.o)
                              /usr/lib/gcc/avr/4.5.2/avr51/libgcc.a(_fixunssfsi.o) (__fixsfsi)
/usr/lib/gcc/avr/4.5.2/avr51/libgcc.a(_thenan_sf.o)
                              /usr/lib/gcc/avr/4.5.2/avr51/libgcc.a(_addsub_sf.o) (__thenan_sf)
/usr/lib/gcc/avr/4.5.2/avr51/libgcc.a(_usi_to_sf.o)
                              can_broadcast_contiki_app.co (__floatunsisf)
/usr/lib/gcc/avr/4.5.2/avr51/libgcc.a(_udivmodhi4.o)
                              /usr/lib/gcc/avr/4.5.2/avr51/libgcc.a(_divmodhi4.o) (__udivmodhi4)
/usr/lib/gcc/avr/4.5.2/avr51/libgcc.a(_prologue.o)
                              /usr/lib/gcc/avr/4.5.2/avr51/libgcc.a(_addsub_sf.o) (__prologue_saves__)
/usr/lib/gcc/avr/4.5.2/avr51/libgcc.a(_epilogue.o)
                              /usr/lib/gcc/avr/4.5.2/avr51/libgcc.a(_addsub_sf.o) (__epilogue_restores__)
/usr/lib/gcc/avr/4.5.2/avr51/libgcc.a(_clzsi2.o)
                              /usr/lib/gcc/avr/4.5.2/avr51/libgcc.a(_usi_to_sf.o) (__clzsi2)
/usr/lib/gcc/avr/4.5.2/avr51/libgcc.a(_pack_sf.o)
                              /usr/lib/gcc/avr/4.5.2/avr51/libgcc.a(_addsub_sf.o) (__pack_f)
/usr/lib/gcc/avr/4.5.2/avr51/libgcc.a(_unpack_sf.o)
                              /usr/lib/gcc/avr/4.5.2/avr51/libgcc.a(_addsub_sf.o) (__unpack_f)
/usr/lib/gcc/avr/4.5.2/avr51/libgcc.a(_fpcmp_parts_sf.o)
                              /usr/lib/gcc/avr/4.5.2/avr51/libgcc.a(_gt_sf.o) (__fpcmp_parts_f)
/usr/lib/gcc/avr/4.5.2/avr51/libgcc.a(_clz.o)
                              /usr/lib/gcc/avr/4.5.2/avr51/libgcc.a(_clzsi2.o) (__clz_tab)

Allocating common symbols
Common symbol       size              file

can_event_message   0x1               contiki-avr-our.a(can.o)
_debug_cmd          0x2               contiki-avr-our.a(can.o)
seconds             0x4               contiki-avr-our.a(clock.o)

Memory Configuration

Name             Origin             Length             Attributes
text             0x0000000000000000 0x0000000000020000 xr
data             0x0000000000800100 0x000000000000ff00 rw !x
eeprom           0x0000000000810000 0x0000000000010000 rw !x
*default*        0x0000000000000000 0xffffffffffffffff

Linker script and memory map

Address of section .data set to 0x800100
LOAD /usr/lib/gcc/avr/4.5.2/../../../../avr/lib/avr51/crtcan128.o
Address of section .bootloader set to 0x1f800
LOAD can_broadcast_contiki_app.co
LOAD contiki-avr-our.a
LOAD /usr/lib/gcc/avr/4.5.2/avr51/libgcc.a
LOAD /usr/lib/gcc/avr/4.5.2/../../../../avr/lib/avr51/libc.a
LOAD /usr/lib/gcc/avr/4.5.2/avr51/libgcc.a

.hash
 *(.hash)

.dynsym
 *(.dynsym)

.dynstr
 *(.dynstr)

.gnu.version
 *(.gnu.version)

.gnu.version_d
 *(.gnu.version_d)

.gnu.version_r
 *(.gnu.version_r)

.rel.init
 *(.rel.init)

.rela.init
 *(.rela.init)

.rel.text
 *(.rel.text)
 *(.rel.text.*)
 *(.rel.gnu.linkonce.t*)

.rela.text
 *(.rela.text)
 *(.rela.text.*)
 *(.rela.gnu.linkonce.t*)

.rel.fini
 *(.rel.fini)

.rela.fini
 *(.rela.fini)

.rel.rodata
 *(.rel.rodata)
 *(.rel.rodata.*)
 *(.rel.gnu.linkonce.r*)

.rela.rodata
 *(.rela.rodata)
 *(.rela.rodata.*)
 *(.rela.gnu.linkonce.r*)

.rel.data
 *(.rel.data)
 *(.rel.data.*)
 *(.rel.gnu.linkonce.d*)

.rela.data
 *(.rela.data)
 *(.rela.data.*)
 *(.rela.gnu.linkonce.d*)

.rel.ctors
 *(.rel.ctors)

.rela.ctors
 *(.rela.ctors)

.rel.dtors
 *(.rel.dtors)

.rela.dtors
 *(.rela.dtors)

.rel.got
 *(.rel.got)

.rela.got
 *(.rela.got)

.rel.bss
 *(.rel.bss)

.rela.bss
 *(.rela.bss)

.rel.plt
 *(.rel.plt)

.rela.plt
 *(.rela.plt)

.text           0x0000000000000000     0x4d78
 *(.vectors)
 .vectors       0x0000000000000000       0x94 /usr/lib/gcc/avr/4.5.2/../../../../avr/lib/avr51/crtcan128.o
                0x0000000000000000                __vectors
                0x0000000000000000                __vector_default
 *(.vectors)
 *(.progmem.gcc*)
 *(.progmem*)
                0x0000000000000094                . = ALIGN (0x2)
                0x0000000000000094                __trampolines_start = .
 *(.trampolines)
 .trampolines   0x0000000000000094        0x0 linker stubs
 *(.trampolines*)
                0x0000000000000094                __trampolines_end = .
 *(.jumptables)
 *(.jumptables*)
 *(.lowtext)
 *(.lowtext*)
                0x0000000000000094                __ctors_start = .
 *(.ctors)
                0x0000000000000094                __ctors_end = .
                0x0000000000000094                __dtors_start = .
 *(.dtors)
                0x0000000000000094                __dtors_end = .
 SORT(*)(.ctors)
 SORT(*)(.dtors)
 *(.init0)
 .init0         0x0000000000000094        0x0 /usr/lib/gcc/avr/4.5.2/../../../../avr/lib/avr51/crtcan128.o
                0x0000000000000094                __init
 *(.init0)
 *(.init1)
 *(.init1)
 *(.init2)
 .init2         0x0000000000000094        0xc /usr/lib/gcc/avr/4.5.2/../../../../avr/lib/avr51/crtcan128.o
 *(.init2)
 *(.init3)
 *(.init3)
 *(.init4)
 .init4         0x00000000000000a0       0x1a /usr/lib/gcc/avr/4.5.2/avr51/libgcc.a(_copy_data.o)
                0x00000000000000a0                __do_copy_data
 .init4         0x00000000000000ba       0x10 /usr/lib/gcc/avr/4.5.2/avr51/libgcc.a(_clear_bss.o)
                0x00000000000000ba                __do_clear_bss
 *(.init4)
 *(.init5)
 *(.init5)
 *(.init6)
 *(.init6)
 *(.init7)
 *(.init7)
 *(.init8)
 *(.init8)
 *(.init9)
 .init9         0x00000000000000ca        0x8 /usr/lib/gcc/avr/4.5.2/../../../../avr/lib/avr51/crtcan128.o
 *(.init9)
 *(.text)
 .text          0x00000000000000d2        0x4 /usr/lib/gcc/avr/4.5.2/../../../../avr/lib/avr51/crtcan128.o
                0x00000000000000d2                __vector_22
                0x00000000000000d2                __vector_28
                0x00000000000000d2                __vector_1
                0x00000000000000d2                __vector_32
                0x00000000000000d2                __vector_34
                0x00000000000000d2                __vector_24
                0x00000000000000d2                __vector_12
                0x00000000000000d2                __bad_interrupt
                0x00000000000000d2                __vector_6
                0x00000000000000d2                __vector_31
                0x00000000000000d2                __vector_35
                0x00000000000000d2                __vector_3
                0x00000000000000d2                __vector_23
                0x00000000000000d2                __vector_30
                0x00000000000000d2                __vector_25
                0x00000000000000d2                __vector_11
                0x00000000000000d2                __vector_13
                0x00000000000000d2                __vector_17
                0x00000000000000d2                __vector_7
                0x00000000000000d2                __vector_27
                0x00000000000000d2                __vector_5
                0x00000000000000d2                __vector_33
                0x00000000000000d2                __vector_4
                0x00000000000000d2                __vector_2
                0x00000000000000d2                __vector_21
                0x00000000000000d2                __vector_15
                0x00000000000000d2                __vector_36
                0x00000000000000d2                __vector_29
                0x00000000000000d2                __vector_8
                0x00000000000000d2                __vector_26
                0x00000000000000d2                __vector_14
                0x00000000000000d2                __vector_10
                0x00000000000000d2                __vector_16
                0x00000000000000d2                __vector_20
 .text          0x00000000000000d6      0xb84 can_broadcast_contiki_app.co
                0x00000000000000d6                blink
                0x00000000000003a4                led1_on
                0x00000000000003c4                led1_off
                0x00000000000003e4                led1_toggle
                0x0000000000000406                led2_on
                0x0000000000000426                led2_off
                0x0000000000000446                led2_toggle
                0x0000000000000468                led3_on
                0x0000000000000488                led3_off
                0x00000000000004a8                led3_toggle
                0x00000000000004ca                led1_blink
                0x00000000000004fe                led2_blink
                0x0000000000000532                led3_blink
                0x0000000000000566                button_state
 .text          0x0000000000000c5a      0x6e4 contiki-avr-our.a(process.o)
                0x0000000000000c5a                process_alloc_event
                0x0000000000000c76                process_start
                0x0000000000000f40                process_exit
                0x0000000000000f6a                process_init
                0x0000000000001162                process_run
                0x0000000000001194                process_nevents
                0x00000000000011b6                process_post
                0x0000000000001272                process_post_synch
                0x00000000000012ca                process_poll
                0x0000000000001312                process_is_running
 .text          0x000000000000133e      0x5e2 contiki-avr-our.a(etimer.o)
                0x0000000000001622                etimer_request_poll
                0x00000000000016d4                etimer_set
                0x000000000000170c                etimer_reset
                0x0000000000001734                etimer_restart
                0x000000000000175c                etimer_adjust
                0x000000000000179e                etimer_expired
                0x00000000000017ce                etimer_expiration_time
                0x00000000000017fe                etimer_start_time
                0x0000000000001820                etimer_pending
                0x0000000000001844                etimer_next_expiration_time
                0x0000000000001868                etimer_stop
 .text          0x0000000000001920       0xbc contiki-avr-our.a(contiki-avr-our)
                0x0000000000001920                init_lowlevel
                0x0000000000001976                main
 .text          0x00000000000019dc     0x1b4a contiki-avr-our.a(can.o)
                0x0000000000001da6                __vector_19
                0x0000000000001de0                __vector_18
                0x0000000000001e98                can_init
                0x0000000000001f12                can_cmd
 .text          0x0000000000003526      0x242 contiki-avr-our.a(can-drv.o)
                0x0000000000003526                can_clear_all_mob
                0x0000000000003582                can_get_mob_free
                0x0000000000003606                can_get_data
                0x0000000000003662                can_conf_bt
                0x000000000000369e                can_variable_baudrate
 .text          0x0000000000003768      0x24a contiki-avr-our.a(clock.o)
                0x0000000000003768                __vector_9
                0x000000000000381e                clock_init
                0x000000000000386a                clock_time
                0x00000000000038a0                clock_delay
                0x00000000000038f0                clock_wait
                0x0000000000003930                clock_set_seconds
                0x0000000000003952                clock_seconds
 .text          0x00000000000039b2       0x54 contiki-avr-our.a(procinit.o)
                0x00000000000039b2                procinit_init
 .text          0x0000000000003a06       0xc8 contiki-avr-our.a(autostart.o)
                0x0000000000003a06                autostart_start
                0x0000000000003a6c                autostart_exit
 .text          0x0000000000003ace      0x140 contiki-avr-our.a(timer.o)
                0x0000000000003ace                timer_set
                0x0000000000003b0e                timer_reset
                0x0000000000003b48                timer_restart
                0x0000000000003b70                timer_expired
                0x0000000000003bc8                timer_remaining
 .text          0x0000000000003c0e      0x462 contiki-avr-our.a(list.o)
                0x0000000000003c0e                list_init
                0x0000000000003c30                list_head
                0x0000000000003c52                list_copy
                0x0000000000003c88                list_tail
                0x0000000000003cea                list_add
                0x0000000000003d5c                list_push
                0x0000000000003dae                list_chop
                0x0000000000003e66                list_pop
                0x0000000000003ebe                list_remove
                0x0000000000003f7e                list_length
                0x0000000000003fda                list_insert
                0x0000000000004040                list_item_next
 .text          0x0000000000004070        0x0 /usr/lib/gcc/avr/4.5.2/avr51/libgcc.a(_divmodhi4.o)
 .text          0x0000000000004070        0x0 /usr/lib/gcc/avr/4.5.2/avr51/libgcc.a(_exit.o)
 .text          0x0000000000004070        0x0 /usr/lib/gcc/avr/4.5.2/avr51/libgcc.a(_copy_data.o)
 .text          0x0000000000004070        0x0 /usr/lib/gcc/avr/4.5.2/avr51/libgcc.a(_clear_bss.o)
 .text          0x0000000000004070       0x58 /usr/lib/gcc/avr/4.5.2/avr51/libgcc.a(_fixunssfsi.o)
                0x0000000000004070                __fixunssfsi
 .text          0x00000000000040c8      0x362 /usr/lib/gcc/avr/4.5.2/avr51/libgcc.a(_addsub_sf.o)
                0x000000000000436e                __addsf3
                0x00000000000043c8                __subsf3
 .text          0x000000000000442a      0x1fa /usr/lib/gcc/avr/4.5.2/avr51/libgcc.a(_mul_sf.o)
                0x000000000000442a                __mulsf3
 .text          0x0000000000004624       0x60 /usr/lib/gcc/avr/4.5.2/avr51/libgcc.a(_gt_sf.o)
                0x0000000000004624                __gtsf2
 .text          0x0000000000004684       0x60 /usr/lib/gcc/avr/4.5.2/avr51/libgcc.a(_ge_sf.o)
                0x0000000000004684                __gesf2
 .text          0x00000000000046e4       0x60 /usr/lib/gcc/avr/4.5.2/avr51/libgcc.a(_lt_sf.o)
                0x00000000000046e4                __ltsf2
 .text          0x0000000000004744       0xa6 /usr/lib/gcc/avr/4.5.2/avr51/libgcc.a(_sf_to_si.o)
                0x0000000000004744                __fixsfsi
 .text          0x00000000000047ea        0x0 /usr/lib/gcc/avr/4.5.2/avr51/libgcc.a(_thenan_sf.o)
 .text          0x00000000000047ea       0xf2 /usr/lib/gcc/avr/4.5.2/avr51/libgcc.a(_usi_to_sf.o)
                0x00000000000047ea                __floatunsisf
 .text          0x00000000000048dc        0x0 /usr/lib/gcc/avr/4.5.2/avr51/libgcc.a(_udivmodhi4.o)
 .text          0x00000000000048dc        0x0 /usr/lib/gcc/avr/4.5.2/avr51/libgcc.a(_prologue.o)
 .text          0x00000000000048dc        0x0 /usr/lib/gcc/avr/4.5.2/avr51/libgcc.a(_epilogue.o)
 .text          0x00000000000048dc       0xb6 /usr/lib/gcc/avr/4.5.2/avr51/libgcc.a(_clzsi2.o)
                0x00000000000048dc                __clzsi2
 .text          0x0000000000004992      0x1a2 /usr/lib/gcc/avr/4.5.2/avr51/libgcc.a(_pack_sf.o)
                0x0000000000004992                __pack_f
 .text          0x0000000000004b34       0xd2 /usr/lib/gcc/avr/4.5.2/avr51/libgcc.a(_unpack_sf.o)
                0x0000000000004b34                __unpack_f
 .text          0x0000000000004c06       0xb2 /usr/lib/gcc/avr/4.5.2/avr51/libgcc.a(_fpcmp_parts_sf.o)
                0x0000000000004c06                __fpcmp_parts_f
 .text          0x0000000000004cb8        0x0 /usr/lib/gcc/avr/4.5.2/avr51/libgcc.a(_clz.o)
                0x0000000000004cb8                . = ALIGN (0x2)
 *(.text.*)
 .text.libgcc   0x0000000000004cb8       0x26 /usr/lib/gcc/avr/4.5.2/avr51/libgcc.a(_divmodhi4.o)
                0x0000000000004cb8                __divmodhi4
                0x0000000000004cb8                _div
 .text.libgcc   0x0000000000004cde        0x0 /usr/lib/gcc/avr/4.5.2/avr51/libgcc.a(_exit.o)
 .text.libgcc   0x0000000000004cde        0x0 /usr/lib/gcc/avr/4.5.2/avr51/libgcc.a(_copy_data.o)
 .text.libgcc   0x0000000000004cde        0x0 /usr/lib/gcc/avr/4.5.2/avr51/libgcc.a(_clear_bss.o)
 .text.libgcc   0x0000000000004cde       0x28 /usr/lib/gcc/avr/4.5.2/avr51/libgcc.a(_udivmodhi4.o)
                0x0000000000004cde                __udivmodhi4
 .text.libgcc   0x0000000000004d06       0x38 /usr/lib/gcc/avr/4.5.2/avr51/libgcc.a(_prologue.o)
                0x0000000000004d06                __prologue_saves__
 .text.libgcc   0x0000000000004d3e       0x36 /usr/lib/gcc/avr/4.5.2/avr51/libgcc.a(_epilogue.o)
                0x0000000000004d3e                __epilogue_restores__
                0x0000000000004d74                . = ALIGN (0x2)
 *(.fini9)
 .fini9         0x0000000000004d74        0x0 /usr/lib/gcc/avr/4.5.2/avr51/libgcc.a(_exit.o)
                0x0000000000004d74                exit
                0x0000000000004d74                _exit
 *(.fini9)
 *(.fini8)
 *(.fini8)
 *(.fini7)
 *(.fini7)
 *(.fini6)
 *(.fini6)
 *(.fini5)
 *(.fini5)
 *(.fini4)
 *(.fini4)
 *(.fini3)
 *(.fini3)
 *(.fini2)
 *(.fini2)
 *(.fini1)
 *(.fini1)
 *(.fini0)
 .fini0         0x0000000000004d74        0x4 /usr/lib/gcc/avr/4.5.2/avr51/libgcc.a(_exit.o)
 *(.fini0)
                0x0000000000004d78                _etext = .

.data           0x0000000000800100      0x1f2 load address 0x0000000000004d78
                0x0000000000800100                PROVIDE (__data_start, .)
 *(.data)
 .data          0x0000000000800100        0x0 /usr/lib/gcc/avr/4.5.2/../../../../avr/lib/avr51/crtcan128.o
 .data          0x0000000000800100       0x9b can_broadcast_contiki_app.co
                0x0000000000800118                button_check_process
                0x0000000000800142                can_receiver_process
                0x000000000080016c                can_transmitter_process
                0x0000000000800176                test_process
                0x0000000000800180                test_timer
                0x000000000080018b                led_blink_process
                0x0000000000800195                autostart_processes
 .data          0x000000000080019b        0x0 contiki-avr-our.a(process.o)
 .data          0x000000000080019b       0x16 contiki-avr-our.a(etimer.o)
                0x00000000008001a7                etimer_process
 .data          0x00000000008001b1        0x6 contiki-avr-our.a(contiki-avr-our)
                0x00000000008001b1                procinit
 .data          0x00000000008001b7       0x17 contiki-avr-our.a(can.o)
                0x00000000008001c4                can_process
 .data          0x00000000008001ce       0x1b contiki-avr-our.a(can-drv.o)
                0x00000000008001ce                can_baudrate_table
 .data          0x00000000008001e9        0x0 contiki-avr-our.a(clock.o)
 .data          0x00000000008001e9        0x0 contiki-avr-our.a(procinit.o)
 .data          0x00000000008001e9        0x0 contiki-avr-our.a(autostart.o)
 .data          0x00000000008001e9        0x0 contiki-avr-our.a(timer.o)
 .data          0x00000000008001e9        0x0 contiki-avr-our.a(list.o)
 .data          0x00000000008001e9        0x0 /usr/lib/gcc/avr/4.5.2/avr51/libgcc.a(_divmodhi4.o)
 .data          0x00000000008001e9        0x0 /usr/lib/gcc/avr/4.5.2/avr51/libgcc.a(_exit.o)
 .data          0x00000000008001e9        0x0 /usr/lib/gcc/avr/4.5.2/avr51/libgcc.a(_copy_data.o)
 .data          0x00000000008001e9        0x0 /usr/lib/gcc/avr/4.5.2/avr51/libgcc.a(_clear_bss.o)
 .data          0x00000000008001e9        0x0 /usr/lib/gcc/avr/4.5.2/avr51/libgcc.a(_fixunssfsi.o)
 .data          0x00000000008001e9        0x0 /usr/lib/gcc/avr/4.5.2/avr51/libgcc.a(_addsub_sf.o)
 .data          0x00000000008001e9        0x0 /usr/lib/gcc/avr/4.5.2/avr51/libgcc.a(_mul_sf.o)
 .data          0x00000000008001e9        0x0 /usr/lib/gcc/avr/4.5.2/avr51/libgcc.a(_gt_sf.o)
 .data          0x00000000008001e9        0x0 /usr/lib/gcc/avr/4.5.2/avr51/libgcc.a(_ge_sf.o)
 .data          0x00000000008001e9        0x0 /usr/lib/gcc/avr/4.5.2/avr51/libgcc.a(_lt_sf.o)
 .data          0x00000000008001e9        0x0 /usr/lib/gcc/avr/4.5.2/avr51/libgcc.a(_sf_to_si.o)
 .data          0x00000000008001e9        0x8 /usr/lib/gcc/avr/4.5.2/avr51/libgcc.a(_thenan_sf.o)
                0x00000000008001e9                __thenan_sf
 .data          0x00000000008001f1        0x0 /usr/lib/gcc/avr/4.5.2/avr51/libgcc.a(_usi_to_sf.o)
 .data          0x00000000008001f1        0x0 /usr/lib/gcc/avr/4.5.2/avr51/libgcc.a(_udivmodhi4.o)
 .data          0x00000000008001f1        0x0 /usr/lib/gcc/avr/4.5.2/avr51/libgcc.a(_prologue.o)
 .data          0x00000000008001f1        0x0 /usr/lib/gcc/avr/4.5.2/avr51/libgcc.a(_epilogue.o)
 .data          0x00000000008001f1        0x0 /usr/lib/gcc/avr/4.5.2/avr51/libgcc.a(_clzsi2.o)
 .data          0x00000000008001f1        0x0 /usr/lib/gcc/avr/4.5.2/avr51/libgcc.a(_pack_sf.o)
 .data          0x00000000008001f1        0x0 /usr/lib/gcc/avr/4.5.2/avr51/libgcc.a(_unpack_sf.o)
 .data          0x00000000008001f1        0x0 /usr/lib/gcc/avr/4.5.2/avr51/libgcc.a(_fpcmp_parts_sf.o)
 .data          0x00000000008001f1      0x100 /usr/lib/gcc/avr/4.5.2/avr51/libgcc.a(_clz.o)
                0x00000000008001f1                __clz_tab
 *(.data*)
 *(.rodata)
 *(.rodata*)
 *(.gnu.linkonce.d*)
                0x00000000008002f2                . = ALIGN (0x2)
 *fill*         0x00000000008002f1        0x1 00
                0x00000000008002f2                _edata = .
                0x00000000008002f2                PROVIDE (__data_end, .)

.bss            0x00000000008002f2      0x131
                0x00000000008002f2                PROVIDE (__bss_start, .)
 *(.bss)
 .bss           0x00000000008002f2        0x0 /usr/lib/gcc/avr/4.5.2/../../../../avr/lib/avr51/crtcan128.o
 .bss           0x00000000008002f2       0x4c can_broadcast_contiki_app.co
 .bss           0x000000000080033e       0xb2 contiki-avr-our.a(process.o)
                0x000000000080033e                process_list
                0x0000000000800340                process_current
                0x0000000000800342                _debug_p
 .bss           0x00000000008003f0        0x4 contiki-avr-our.a(etimer.o)
 .bss           0x00000000008003f4        0x0 contiki-avr-our.a(contiki-avr-our)
 .bss           0x00000000008003f4       0x25 contiki-avr-our.a(can.o)
 .bss           0x0000000000800419        0x0 contiki-avr-our.a(can-drv.o)
 .bss           0x0000000000800419        0x3 contiki-avr-our.a(clock.o)
 .bss           0x000000000080041c        0x0 contiki-avr-our.a(procinit.o)
 .bss           0x000000000080041c        0x0 contiki-avr-our.a(autostart.o)
 .bss           0x000000000080041c        0x0 contiki-avr-our.a(timer.o)
 .bss           0x000000000080041c        0x0 contiki-avr-our.a(list.o)
 .bss           0x000000000080041c        0x0 /usr/lib/gcc/avr/4.5.2/avr51/libgcc.a(_divmodhi4.o)
 .bss           0x000000000080041c        0x0 /usr/lib/gcc/avr/4.5.2/avr51/libgcc.a(_exit.o)
 .bss           0x000000000080041c        0x0 /usr/lib/gcc/avr/4.5.2/avr51/libgcc.a(_copy_data.o)
 .bss           0x000000000080041c        0x0 /usr/lib/gcc/avr/4.5.2/avr51/libgcc.a(_clear_bss.o)
 .bss           0x000000000080041c        0x0 /usr/lib/gcc/avr/4.5.2/avr51/libgcc.a(_fixunssfsi.o)
 .bss           0x000000000080041c        0x0 /usr/lib/gcc/avr/4.5.2/avr51/libgcc.a(_addsub_sf.o)
 .bss           0x000000000080041c        0x0 /usr/lib/gcc/avr/4.5.2/avr51/libgcc.a(_mul_sf.o)
 .bss           0x000000000080041c        0x0 /usr/lib/gcc/avr/4.5.2/avr51/libgcc.a(_gt_sf.o)
 .bss           0x000000000080041c        0x0 /usr/lib/gcc/avr/4.5.2/avr51/libgcc.a(_ge_sf.o)
 .bss           0x000000000080041c        0x0 /usr/lib/gcc/avr/4.5.2/avr51/libgcc.a(_lt_sf.o)
 .bss           0x000000000080041c        0x0 /usr/lib/gcc/avr/4.5.2/avr51/libgcc.a(_sf_to_si.o)
 .bss           0x000000000080041c        0x0 /usr/lib/gcc/avr/4.5.2/avr51/libgcc.a(_thenan_sf.o)
 .bss           0x000000000080041c        0x0 /usr/lib/gcc/avr/4.5.2/avr51/libgcc.a(_usi_to_sf.o)
 .bss           0x000000000080041c        0x0 /usr/lib/gcc/avr/4.5.2/avr51/libgcc.a(_udivmodhi4.o)
 .bss           0x000000000080041c        0x0 /usr/lib/gcc/avr/4.5.2/avr51/libgcc.a(_prologue.o)
 .bss           0x000000000080041c        0x0 /usr/lib/gcc/avr/4.5.2/avr51/libgcc.a(_epilogue.o)
 .bss           0x000000000080041c        0x0 /usr/lib/gcc/avr/4.5.2/avr51/libgcc.a(_clzsi2.o)
 .bss           0x000000000080041c        0x0 /usr/lib/gcc/avr/4.5.2/avr51/libgcc.a(_pack_sf.o)
 .bss           0x000000000080041c        0x0 /usr/lib/gcc/avr/4.5.2/avr51/libgcc.a(_unpack_sf.o)
 .bss           0x000000000080041c        0x0 /usr/lib/gcc/avr/4.5.2/avr51/libgcc.a(_fpcmp_parts_sf.o)
 .bss           0x000000000080041c        0x0 /usr/lib/gcc/avr/4.5.2/avr51/libgcc.a(_clz.o)
 *(.bss*)
 *(COMMON)
 COMMON         0x000000000080041c        0x3 contiki-avr-our.a(can.o)
                0x000000000080041c                can_event_message
                0x000000000080041d                _debug_cmd
 COMMON         0x000000000080041f        0x4 contiki-avr-our.a(clock.o)
                0x000000000080041f                seconds
                0x0000000000800423                PROVIDE (__bss_end, .)
                0x0000000000004d78                __data_load_start = LOADADDR (.data)
                0x0000000000004f6a                __data_load_end = (__data_load_start + SIZEOF (.data))

.noinit         0x0000000000800423        0x0
                0x0000000000800423                PROVIDE (__noinit_start, .)
 *(.noinit*)
                0x0000000000800423                PROVIDE (__noinit_end, .)
                0x0000000000800423                _end = .
                0x0000000000800423                PROVIDE (__heap_start, .)

.eeprom         0x0000000000810000        0x0
 *(.eeprom*)
                0x0000000000810000                __eeprom_end = .

.stab
 *(.stab)

.stabstr
 *(.stabstr)

.stab.excl
 *(.stab.excl)

.stab.exclstr
 *(.stab.exclstr)

.stab.index
 *(.stab.index)

.stab.indexstr
 *(.stab.indexstr)

.comment
 *(.comment)

.debug
 *(.debug)

.line
 *(.line)

.debug_srcinfo
 *(.debug_srcinfo .zdebug_srcinfo)

.debug_sfnames
 *(.debug_sfnames .zdebug_sfnames)

.debug_aranges  0x0000000000000000      0x160
 *(.debug_aranges .zdebug_aranges)
 .debug_aranges
                0x0000000000000000       0x20 can_broadcast_contiki_app.co
 .debug_aranges
                0x0000000000000020       0x20 contiki-avr-our.a(process.o)
 .debug_aranges
                0x0000000000000040       0x20 contiki-avr-our.a(etimer.o)
 .debug_aranges
                0x0000000000000060       0x20 contiki-avr-our.a(contiki-avr-our)
 .debug_aranges
                0x0000000000000080       0x20 contiki-avr-our.a(can.o)
 .debug_aranges
                0x00000000000000a0       0x20 contiki-avr-our.a(can-drv.o)
 .debug_aranges
                0x00000000000000c0       0x20 contiki-avr-our.a(clock.o)
 .debug_aranges
                0x00000000000000e0       0x20 contiki-avr-our.a(procinit.o)
 .debug_aranges
                0x0000000000000100       0x20 contiki-avr-our.a(autostart.o)
 .debug_aranges
                0x0000000000000120       0x20 contiki-avr-our.a(timer.o)
 .debug_aranges
                0x0000000000000140       0x20 contiki-avr-our.a(list.o)

.debug_pubnames
                0x0000000000000000      0x6e1
 *(.debug_pubnames .zdebug_pubnames)
 .debug_pubnames
                0x0000000000000000      0x171 can_broadcast_contiki_app.co
 .debug_pubnames
                0x0000000000000171      0x104 contiki-avr-our.a(process.o)
 .debug_pubnames
                0x0000000000000275      0x109 contiki-avr-our.a(etimer.o)
 .debug_pubnames
                0x000000000000037e       0x3a contiki-avr-our.a(contiki-avr-our)
 .debug_pubnames
                0x00000000000003b8       0x80 contiki-avr-our.a(can.o)
 .debug_pubnames
                0x0000000000000438       0x8f contiki-avr-our.a(can-drv.o)
 .debug_pubnames
                0x00000000000004c7       0x92 contiki-avr-our.a(clock.o)
 .debug_pubnames
                0x0000000000000559       0x24 contiki-avr-our.a(procinit.o)
 .debug_pubnames
                0x000000000000057d       0x39 contiki-avr-our.a(autostart.o)
 .debug_pubnames
                0x00000000000005b6       0x68 contiki-avr-our.a(timer.o)
 .debug_pubnames
                0x000000000000061e       0xc3 contiki-avr-our.a(list.o)

.debug_info     0x0000000000000000     0x2924
 *(.debug_info .gnu.linkonce.wi.* .zdebug_info)
 .debug_info    0x0000000000000000      0xb10 can_broadcast_contiki_app.co
 .debug_info    0x0000000000000b10      0x53a contiki-avr-our.a(process.o)
 .debug_info    0x000000000000104a      0x4d0 contiki-avr-our.a(etimer.o)
 .debug_info    0x000000000000151a      0x25a contiki-avr-our.a(contiki-avr-our)
 .debug_info    0x0000000000001774      0x5d2 contiki-avr-our.a(can.o)
 .debug_info    0x0000000000001d46      0x205 contiki-avr-our.a(can-drv.o)
 .debug_info    0x0000000000001f4b      0x1ec contiki-avr-our.a(clock.o)
 .debug_info    0x0000000000002137      0x19c contiki-avr-our.a(procinit.o)
 .debug_info    0x00000000000022d3      0x1b5 contiki-avr-our.a(autostart.o)
 .debug_info    0x0000000000002488      0x17d contiki-avr-our.a(timer.o)
 .debug_info    0x0000000000002605      0x31f contiki-avr-our.a(list.o)

.debug_abbrev   0x0000000000000000      0xf4d
 *(.debug_abbrev .zdebug_abbrev)
 .debug_abbrev  0x0000000000000000      0x260 can_broadcast_contiki_app.co
 .debug_abbrev  0x0000000000000260      0x22c contiki-avr-our.a(process.o)
 .debug_abbrev  0x000000000000048c      0x1d6 contiki-avr-our.a(etimer.o)
 .debug_abbrev  0x0000000000000662      0x14f contiki-avr-our.a(contiki-avr-our)
 .debug_abbrev  0x00000000000007b1      0x1f7 contiki-avr-our.a(can.o)
 .debug_abbrev  0x00000000000009a8       0xf7 contiki-avr-our.a(can-drv.o)
 .debug_abbrev  0x0000000000000a9f       0xdb contiki-avr-our.a(clock.o)
 .debug_abbrev  0x0000000000000b7a       0xf0 contiki-avr-our.a(procinit.o)
 .debug_abbrev  0x0000000000000c6a       0xf5 contiki-avr-our.a(autostart.o)
 .debug_abbrev  0x0000000000000d5f       0xd2 contiki-avr-our.a(timer.o)
 .debug_abbrev  0x0000000000000e31      0x11c contiki-avr-our.a(list.o)

.debug_line     0x0000000000000000     0x21fa
 *(.debug_line .zdebug_line)
 .debug_line    0x0000000000000000      0x726 can_broadcast_contiki_app.co
 .debug_line    0x0000000000000726      0x471 contiki-avr-our.a(process.o)
 .debug_line    0x0000000000000b97      0x447 contiki-avr-our.a(etimer.o)
 .debug_line    0x0000000000000fde      0x1a3 contiki-avr-our.a(contiki-avr-our)
 .debug_line    0x0000000000001181      0x76a contiki-avr-our.a(can.o)
 .debug_line    0x00000000000018eb      0x1ed contiki-avr-our.a(can-drv.o)
 .debug_line    0x0000000000001ad8      0x1df contiki-avr-our.a(clock.o)
 .debug_line    0x0000000000001cb7       0x96 contiki-avr-our.a(procinit.o)
 .debug_line    0x0000000000001d4d       0xc7 contiki-avr-our.a(autostart.o)
 .debug_line    0x0000000000001e14       0xfc contiki-avr-our.a(timer.o)
 .debug_line    0x0000000000001f10      0x2ea contiki-avr-our.a(list.o)

.debug_frame    0x0000000000000000      0x630
 *(.debug_frame .zdebug_frame)
 .debug_frame   0x0000000000000000      0x150 can_broadcast_contiki_app.co
 .debug_frame   0x0000000000000150       0xf0 contiki-avr-our.a(process.o)
 .debug_frame   0x0000000000000240       0xf0 contiki-avr-our.a(etimer.o)
 .debug_frame   0x0000000000000330       0x30 contiki-avr-our.a(contiki-avr-our)
 .debug_frame   0x0000000000000360       0x70 contiki-avr-our.a(can.o)
 .debug_frame   0x00000000000003d0       0x60 contiki-avr-our.a(can-drv.o)
 .debug_frame   0x0000000000000430       0x80 contiki-avr-our.a(clock.o)
 .debug_frame   0x00000000000004b0       0x20 contiki-avr-our.a(procinit.o)
 .debug_frame   0x00000000000004d0       0x30 contiki-avr-our.a(autostart.o)
 .debug_frame   0x0000000000000500       0x60 contiki-avr-our.a(timer.o)
 .debug_frame   0x0000000000000560       0xd0 contiki-avr-our.a(list.o)

.debug_str      0x0000000000000000      0xafd
 *(.debug_str .zdebug_str)
 .debug_str     0x0000000000000000      0x450 can_broadcast_contiki_app.co
                                        0x53a (size before relaxing)
 .debug_str     0x0000000000000450      0x160 contiki-avr-our.a(process.o)
                                        0x2a9 (size before relaxing)
 .debug_str     0x00000000000005b0      0x134 contiki-avr-our.a(etimer.o)
                                        0x2bf (size before relaxing)
 .debug_str     0x00000000000006e4       0x4d contiki-avr-our.a(contiki-avr-our)
                                        0x1ca (size before relaxing)
 .debug_str     0x0000000000000731      0x152 contiki-avr-our.a(can.o)
                                        0x401 (size before relaxing)
 .debug_str     0x0000000000000883       0xc6 contiki-avr-our.a(can-drv.o)
                                        0x1b4 (size before relaxing)
 .debug_str     0x0000000000000949       0x7a contiki-avr-our.a(clock.o)
                                        0x17b (size before relaxing)
 .debug_str     0x00000000000009c3       0x29 contiki-avr-our.a(procinit.o)
                                        0x157 (size before relaxing)
 .debug_str     0x00000000000009ec       0x3b contiki-avr-our.a(autostart.o)
                                        0x16a (size before relaxing)
 .debug_str     0x0000000000000a27       0x28 contiki-avr-our.a(timer.o)
                                        0x154 (size before relaxing)
 .debug_str     0x0000000000000a4f       0xae contiki-avr-our.a(list.o)
                                        0x11d (size before relaxing)

.debug_loc
 *(.debug_loc .zdebug_loc)

.debug_macinfo
 *(.debug_macinfo .zdebug_macinfo)
OUTPUT(can_broadcast_contiki_app.avr-our elf32-avr)
LOAD linker stubs

.bootloader     0x000000000001f800        0x0

.debug_pubtypes
                0x0000000000000000      0x45f
 .debug_pubtypes
                0x0000000000000000       0xe5 can_broadcast_contiki_app.co
 .debug_pubtypes
                0x00000000000000e5       0x7d contiki-avr-our.a(process.o)
 .debug_pubtypes
                0x0000000000000162       0x7b contiki-avr-our.a(etimer.o)
 .debug_pubtypes
                0x00000000000001dd       0x61 contiki-avr-our.a(contiki-avr-our)
 .debug_pubtypes
                0x000000000000023e       0xca contiki-avr-our.a(can.o)
 .debug_pubtypes
                0x0000000000000308       0x2b contiki-avr-our.a(can-drv.o)
 .debug_pubtypes
                0x0000000000000333       0x2f contiki-avr-our.a(clock.o)
 .debug_pubtypes
                0x0000000000000362       0x55 contiki-avr-our.a(procinit.o)
 .debug_pubtypes
                0x00000000000003b7       0x55 contiki-avr-our.a(autostart.o)
 .debug_pubtypes
                0x000000000000040c       0x2d contiki-avr-our.a(timer.o)
 .debug_pubtypes
                0x0000000000000439       0x26 contiki-avr-our.a(list.o)

.debug_ranges   0x0000000000000000       0x30
 .debug_ranges  0x0000000000000000       0x30 can_broadcast_contiki_app.co
